Component: ARM Compiler 5.05 (build 41) Tool: armlink [4d0eb9]

==============================================================================

Memory Map of the image

  Image Entry point : 0x00000130

  Load Region SECTIONS (Base: 0x00000000, Size: 0x00001f88, Max: 0xffffffff, ABSOLUTE)

    Execution Region ROM_SYS (Base: 0x00000000, Size: 0x000002fc, Max: 0xffffffff, ABSOLUTE)

    Base Addr    Size         Type   Attr      Idx    E Section Name        Object

    0x00000000   0x0000005c   Code   RO           28  * SYS_BOOT            bim_vectors.o
    0x0000005c   0x000000a4   PAD
    0x00000100   0x00000004   Data   RO            8    .ARM.__AT_0x00000100  bim_app.o
    0x00000104   0x00000004   Data   RO            9    .ARM.__AT_0x00000104  bim_app.o
    0x00000108   0x000001f4   Code   RO           29  * SYS_BOOT            bim_handlers.o


    Execution Region ROM (Base: 0x000002fc, Size: 0x00001c80, Max: 0xffffffff, ABSOLUTE)

    Base Addr    Size         Type   Attr      Idx    E Section Name        Object

    0x000002fc   0x0000002c   Code   RO           70    .text               mc_5.l(uidiv.o)
    0x00000328   0x00000024   Code   RO           71    .text               mc_5.l(memcpya.o)
    0x0000034c   0x00000060   Code   RO           89    .text               mc_5.l(uldiv.o)
    0x000003ac   0x00000000   Code   RO           90    .text               mc_5.l(iusefp.o)
    0x000003ac   0x00000164   Code   RO           91    .text               mf_5.l(dadd.o)
    0x00000510   0x000000d0   Code   RO           92    .text               mf_5.l(dmul.o)
    0x000005e0   0x000000f0   Code   RO           93    .text               mf_5.l(ddiv.o)
    0x000006d0   0x00000040   Code   RO           94    .text               mf_5.l(dfixul.o)
    0x00000710   0x00000028   Code   RO           95    .text               mf_5.l(cdrcmple.o)
    0x00000738   0x00000020   Code   RO           97    .text               mc_5.l(llshl.o)
    0x00000758   0x00000022   Code   RO           98    .text               mc_5.l(llushr.o)
    0x0000077a   0x00000026   Code   RO           99    .text               mc_5.l(llsshr.o)
    0x000007a0   0x000000be   Code   RO          101    .text               mf_5.l(depilogue.o)
    0x0000085e   0x00000002   PAD
    0x00000860   0x00000008   Ven    RO           10    i.DataAbort_Exception  bim_intc.o
    0x00000868   0x00000008   Code   RO           10    i.DataAbort_Exception  bim_intc.o
    0x00000870   0x00000008   Ven    RO           11    i.PrefetchAbort_Exception  bim_intc.o
    0x00000878   0x00000008   Code   RO           11    i.PrefetchAbort_Exception  bim_intc.o
    0x00000880   0x00000008   Ven    RO           12    i.Reserved_Exception  bim_intc.o
    0x00000888   0x00000008   Code   RO           12    i.Reserved_Exception  bim_intc.o
    0x00000890   0x00000008   Ven    RO           13    i.SoftwareInterrupt_Exception  bim_intc.o
    0x00000898   0x00000008   Code   RO           13    i.SoftwareInterrupt_Exception  bim_intc.o
    0x000008a0   0x00000008   Ven    RO           14    i.Undefined_Exception  bim_intc.o
    0x000008a8   0x00000008   Code   RO           14    i.Undefined_Exception  bim_intc.o
    0x000008b0   0x00000024   Code   RO           80    i.__0vsprintf       mc_5.l(printfa.o)
    0x000008d4   0x00000008   Code   RO          102    i.__ARM_clz         mf_5.l(depilogue.o)
    0x000008dc   0x00000014   Code   RO           54    i.__ARM_common_disable_fiq  bim_flash.o
    0x000008f0   0x00000014   Code   RO           53    i.__ARM_common_disable_irq  bim_flash.o
    0x00000904   0x00000010   Code   RO           52    i.__ARM_common_enable_fiq  bim_flash.o
    0x00000914   0x00000010   Code   RO           51    i.__ARM_common_enable_irq  bim_flash.o
    0x00000924   0x00000158   Code   RO           81    i._fp_digits        mc_5.l(printfa.o)
    0x00000a7c   0x000006f4   Code   RO           82    i._printf_core      mc_5.l(printfa.o)
    0x00001170   0x00000020   Code   RO           83    i._printf_post_padding  mc_5.l(printfa.o)
    0x00001190   0x0000002c   Code   RO           84    i._printf_pre_padding  mc_5.l(printfa.o)
    0x000011bc   0x0000000a   Code   RO           86    i._sputc            mc_5.l(printfa.o)
    0x000011c6   0x00000002   PAD
    0x000011c8   0x000000f4   Code   RO           15    i.bim_check_backup_sec_status  bim_updataimage.o
    0x000012bc   0x00000150   Code   RO           16    i.bim_check_image_sec_status  bim_updataimage.o
    0x0000140c   0x00000048   Code   RO           17    i.bim_erase_backup_sec  bim_updataimage.o
    0x00001454   0x000000e0   Code   RO           18    i.bim_erase_image_sec  bim_updataimage.o
    0x00001534   0x0000004c   Code   RO           19    i.bim_get_psec_backup_header  bim_updataimage.o
    0x00001580   0x0000003c   Code   RO           20    i.bim_get_psec_image_header  bim_updataimage.o
    0x000015bc   0x00000008   Ven    RO            6    i.bim_main          bim_app.o
    0x000015c4   0x0000003c   Code   RO            6    i.bim_main          bim_app.o
    0x00001600   0x00000026   Code   RO           55    i.bim_printf        bim_uart2 .o
    0x00001626   0x00000002   PAD
    0x00001628   0x00000074   Code   RO           21    i.bim_select_sec    bim_updataimage.o
    0x0000169c   0x000000a0   Code   RO           22    i.bim_updata_backup_to_image_sec  bim_updataimage.o
    0x0000173c   0x00000054   Code   RO           23    i.calc_backup_sec_crc  bim_updataimage.o
    0x00001790   0x000000c8   Code   RO           24    i.calc_image_sec_crc  bim_updataimage.o
    0x00001858   0x00000048   Code   RO           32    i.flash_erase       bim_flash.o
    0x000018a0   0x00000044   Code   RO           33    i.flash_erase_one_block  bim_flash.o
    0x000018e4   0x00000058   Code   RO           34    i.flash_erase_sector  bim_flash.o
    0x0000193c   0x0000002e   Code   RO           35    i.flash_read        bim_flash.o
    0x0000196a   0x00000002   PAD
    0x0000196c   0x000000ac   Code   RO           36    i.flash_read_data   bim_flash.o
    0x00001a18   0x0000006c   Code   RO           39    i.flash_wp_128k     bim_flash.o
    0x00001a84   0x00000064   Code   RO           40    i.flash_wp_256k     bim_flash.o
    0x00001ae8   0x00000068   Code   RO           41    i.flash_wp_8k       bim_flash.o
    0x00001b50   0x00000060   Code   RO           42    i.flash_wp_ALL      bim_flash.o
    0x00001bb0   0x0000005c   Code   RO           43    i.flash_write       bim_flash.o
    0x00001c0c   0x00000108   Code   RO           44    i.flash_write_data  bim_flash.o
    0x00001d14   0x000000d0   Code   RO           45    i.flash_write_sr    bim_flash.o
    0x00001de4   0x0000002c   Code   RO           46    i.get_flash_ID      bim_flash.o
    0x00001e10   0x00000058   Code   RO           59    i.gpio_config       bim_gpio.o
    0x00001e68   0x00000016   Code   RO           64    i.icu_init          bim_icu.o
    0x00001e7e   0x00000002   PAD
    0x00001e80   0x00000020   Code   RO           25    i.make_crc32        bim_updataimage.o
    0x00001ea0   0x00000034   Code   RO           26    i.make_crc32_table  bim_updataimage.o
    0x00001ed4   0x00000060   Code   RO           56    i.uart2_init        bim_uart2 .o
    0x00001f34   0x0000001c   Code   RO           57    i.uart2_send        bim_uart2 .o
    0x00001f50   0x00000014   Code   RO           65    i.wdt_disable       bim_wdt.o
    0x00001f64   0x00000018   Code   RO           66    i.wdt_enable        bim_wdt.o


    Execution Region PEND_FOR_FLASH (Base: 0x00400000, Size: 0x00000020, Max: 0x00000020, ABSOLUTE)

    Base Addr    Size         Type   Attr      Idx    E Section Name        Object

    0x00400000   0x00000020   Zero   RW            1    PEND_FOR_FLASH.bss  anon$$obj.o


    Execution Region RAM_DATA (Base: 0x00400020, Size: 0x0000000c, Max: 0xffffffff, ABSOLUTE)

    Base Addr    Size         Type   Attr      Idx    E Section Name        Object

    0x00400020   0x0000000c   Data   RW           49    .data               bim_flash.o


    Execution Region RAM_BSS (Base: 0x0040002c, Size: 0x00000420, Max: 0xffffffff, ABSOLUTE)

    Base Addr    Size         Type   Attr      Idx    E Section Name        Object

    0x0040002c   0x00000420   Zero   RW           27    .bss                bim_updataimage.o


    Execution Region RAM_STACK_UNUSED (Base: 0x0040b72c, Size: 0x00000100, Max: 0x00000100, ABSOLUTE)

    Base Addr    Size         Type   Attr      Idx    E Section Name        Object

    0x0040b72c   0x00000100   Zero   RW            2    RAM_STACK_UNUSED.bss  anon$$obj.o


    Execution Region RAM_STACK_SVC (Base: 0x0040b92c, Size: 0x000002f0, Max: 0x000002f0, ABSOLUTE)

    Base Addr    Size         Type   Attr      Idx    E Section Name        Object

    0x0040b92c   0x000002f0   Zero   RW            3    RAM_STACK_SVC.bss   anon$$obj.o


    Execution Region RAM_STACK_IRQ (Base: 0x0040bc1c, Size: 0x000001f0, Max: 0x000001f0, ABSOLUTE)

    Base Addr    Size         Type   Attr      Idx    E Section Name        Object

    0x0040bc1c   0x000001f0   Zero   RW            4    RAM_STACK_IRQ.bss   anon$$obj.o


    Execution Region RAM_STACK_FIQ (Base: 0x0040be0c, Size: 0x000001f0, Max: 0x000001f0, ABSOLUTE)

    Base Addr    Size         Type   Attr      Idx    E Section Name        Object

    0x0040be0c   0x000001f0   Zero   RW            5    RAM_STACK_FIQ.bss   anon$$obj.o


==============================================================================

Image component sizes


      Code (inc. data)   RO Data    RW Data    ZI Data      Debug   Object Name

        60         22          8          0          0          0   bim_app.o
      1534        184          0         12          0          0   bim_flash.o
        88          4          0          0          0          0   bim_gpio.o
       500         76          0          0          0          0   bim_handlers.o
        22          0          0          0          0          0   bim_icu.o
        40          0          0          0          0          0   bim_intc.o
       162         22          0          0          0          0   bim_uart2 .o
      1656        634          0          0       1056          0   bim_updataimage.o
        92         32          0          0          0          0   bim_vectors.o
        44         10          0          0          0          0   bim_wdt.o

    ----------------------------------------------------------------------
      4416        984          8         12       3088          0   Object Totals
        48          0          0          0       2032          0   (incl. Generated)
       170          0          0          0          0          0   (incl. Padding)

    ----------------------------------------------------------------------

      Code (inc. data)   RO Data    RW Data    ZI Data      Debug   Library Member Name

         0          0          0          0          0          0   iusefp.o
        32          0          0          0          0          0   llshl.o
        38          0          0          0          0          0   llsshr.o
        34          0          0          0          0          0   llushr.o
        36          0          0          0          0          0   memcpya.o
      2246         94          0          0          0          0   printfa.o
        44          0          0          0          0          0   uidiv.o
        96          0          0          0          0          0   uldiv.o
        40          2          0          0          0          0   cdrcmple.o
       356          4          0          0          0          0   dadd.o
       240          6          0          0          0          0   ddiv.o
       198          0          0          0          0          0   depilogue.o
        64         10          0          0          0          0   dfixul.o
       208          6          0          0          0          0   dmul.o

    ----------------------------------------------------------------------
      3636        122          0          0          0          0   Library Totals
         4          0          0          0          0          0   (incl. Padding)

    ----------------------------------------------------------------------

      Code (inc. data)   RO Data    RW Data    ZI Data      Debug   Library Name

      2526         94          0          0          0          0   mc_5.l
      1106         28          0          0          0          0   mf_5.l

    ----------------------------------------------------------------------
      3636        122          0          0          0          0   Library Totals

    ----------------------------------------------------------------------

==============================================================================


      Code (inc. data)   RO Data    RW Data    ZI Data      Debug   

      8052       1106          8         12       3088          0   Grand Totals
      8052       1106          8         12       3088          0   ELF Image Totals
      8052       1106          8         12          0          0   ROM Totals

==============================================================================

    Total RO  Size (Code + RO Data)                 8060 (   7.87kB)
    Total RW  Size (RW Data + ZI Data)              3100 (   3.03kB)
    Total ROM Size (Code + RO Data + RW Data)       8072 (   7.88kB)

==============================================================================

