Component: ARM Compiler 5.05 (build 41) Tool: armlink [4d0eb9]

==============================================================================

Memory Map of the image

  Image Entry point : 0x00000168

  Load Region SECTIONS (Base: 0x00000000, Size: 0x00002b34, Max: 0xffffffff, ABSOLUTE)

    Execution Region ROM_SYS (Base: 0x00000000, Size: 0x00000334, Max: 0xffffffff, ABSOLUTE)

    Base Addr    Size         Type   Attr      Idx    E Section Name        Object

    0x00000000   0x00000074   Code   RO           46  * SYS_BOOT            bim_vectors.o
    0x00000074   0x0000008c   PAD
    0x00000100   0x00000040   Data   RO           18    .ARM.__AT_0x00000100  bim_app.o
    0x00000140   0x000001f4   Code   RO           47  * SYS_BOOT            bim_handlers.o


    Execution Region ROM (Base: 0x00000334, Size: 0x000027a0, Max: 0xffffffff, ABSOLUTE)

    Base Addr    Size         Type   Attr      Idx    E Section Name        Object

    0x00000334   0x0000002c   Code   RO          162    .text               mc_5.l(uidiv.o)
    0x00000360   0x00000024   Code   RO          163    .text               mc_5.l(memcpya.o)
    0x00000384   0x00000026   Code   RO          164    .text               mc_5.l(memseta.o)
    0x000003aa   0x00000014   Code   RO          180    .text               mc_5.l(uread4.o)
    0x000003be   0x00000012   Code   RO          181    .text               mc_5.l(uwrite4.o)
    0x000003d0   0x00000018   Code   RO          110    i.AplUsb_GetRxBuf   usb.o
    0x000003e8   0x00000018   Code   RO          111    i.AplUsb_GetRxCbk   usb.o
    0x00000400   0x00000018   Code   RO          112    i.AplUsb_GetTxBuf   usb.o
    0x00000418   0x00000018   Code   RO          113    i.AplUsb_GetTxCbk   usb.o
    0x00000430   0x00000014   Code   RO          115    i.AplUsb_SetRxCbk   usb.o
    0x00000444   0x00000020   Code   RO           85    i.AplUsb_StartTx    driver_usb.o
    0x00000464   0x00000008   Ven    RO           27    i.DataAbort_Exception  bim_intc.o
    0x0000046c   0x00000008   Code   RO           27    i.DataAbort_Exception  bim_intc.o
    0x00000474   0x0000000c   Code   RO           86    i.DelayNops_usb     driver_usb.o
    0x00000480   0x00000020   Code   RO           80    i.Delay_ms          rf_xvr.o
    0x000004a0   0x0000001c   Code   RO            8    i.Ep2_RxCbk         bim_app.o
    0x000004bc   0x00000008   Code   RO          116    i.GetRqtRecipient   usb.o
    0x000004c4   0x00000008   Code   RO          117    i.GetRqtType        usb.o
    0x000004cc   0x0000000c   Code   RO          118    i.HalUsbAttributeInit  usb.o
    0x000004d8   0x0000003c   Code   RO          157    i.HalUsbClassRequest  usbclass.o
    0x00000514   0x0000002c   Code   RO          119    i.HalUsbSetupHandle  usb.o
    0x00000540   0x00000010   Code   RO          120    i.HalUsbStandardRequest  usb.o
    0x00000550   0x0000002c   Code   RO          121    i.HwUsbOpen         usb.o
    0x0000057c   0x00000078   Code   RO           87    i.HwUsb_EndpRead    driver_usb.o
    0x000005f4   0x00000054   Code   RO           88    i.HwUsb_EndpWrite   driver_usb.o
    0x00000648   0x00000010   Code   RO           89    i.HwUsb_GetCSR      driver_usb.o
    0x00000658   0x00000010   Code   RO           90    i.HwUsb_GetRxCount  driver_usb.o
    0x00000668   0x00000010   Code   RO           92    i.HwUsb_GetRxIF     driver_usb.o
    0x00000678   0x00000010   Code   RO           94    i.HwUsb_GetTxIF     driver_usb.o
    0x00000688   0x00000080   Code   RO           95    i.HwUsb_SendPkt     driver_usb.o
    0x00000708   0x00000010   Code   RO           96    i.HwUsb_SendStall   driver_usb.o
    0x00000718   0x00000014   Code   RO           97    i.HwUsb_SendZlp     driver_usb.o
    0x0000072c   0x00000010   Code   RO           98    i.HwUsb_SetAddress  driver_usb.o
    0x0000073c   0x00000010   Code   RO           99    i.HwUsb_SetRxIE     driver_usb.o
    0x0000074c   0x00000010   Code   RO          100    i.HwUsb_SetTxIE     driver_usb.o
    0x0000075c   0x0000000c   Code   RO          101    i.HwUsb_Switch2Endp  driver_usb.o
    0x00000768   0x00000020   Code   RO           28    i.Irq_Exception     bim_intc.o
    0x00000788   0x00000008   Ven    RO           29    i.PrefetchAbort_Exception  bim_intc.o
    0x00000790   0x00000008   Code   RO           29    i.PrefetchAbort_Exception  bim_intc.o
    0x00000798   0x00000008   Ven    RO           30    i.Reserved_Exception  bim_intc.o
    0x000007a0   0x00000008   Code   RO           30    i.Reserved_Exception  bim_intc.o
    0x000007a8   0x00000038   Code   RO          122    i.SetTxParameter    usb.o
    0x000007e0   0x00000008   Ven    RO           31    i.SoftwareInterrupt_Exception  bim_intc.o
    0x000007e8   0x00000008   Code   RO           31    i.SoftwareInterrupt_Exception  bim_intc.o
    0x000007f0   0x00000060   Code   RO          123    i.URB_CLEAR_FEATURE  usb.o
    0x00000850   0x00000024   Code   RO          124    i.URB_GET_CONFIGURATION  usb.o
    0x00000874   0x000000d8   Code   RO          125    i.URB_GET_DESCRIPTOR  usb.o
    0x0000094c   0x00000034   Code   RO          126    i.URB_GET_INTERFACE  usb.o
    0x00000980   0x00000060   Code   RO          127    i.URB_GET_STATUS    usb.o
    0x000009e0   0x00000010   Code   RO          128    i.URB_NOT_SUPPORT   usb.o
    0x000009f0   0x00000038   Code   RO          129    i.URB_SET_ADDRESS   usb.o
    0x00000a28   0x00000050   Code   RO          130    i.URB_SET_CONFIGURATION  usb.o
    0x00000a78   0x00000060   Code   RO          131    i.URB_SET_FEATURE   usb.o
    0x00000ad8   0x0000002c   Code   RO          132    i.URB_SET_INTERFACE  usb.o
    0x00000b04   0x00000008   Code   RO          145    i.USBDesc_GetConfigDesc  usb_desc.o
    0x00000b0c   0x00000008   Code   RO          146    i.USBDesc_GetDeviceDesc  usb_desc.o
    0x00000b14   0x00000010   Code   RO          147    i.USBDesc_GetHidRptDesc  usb_desc.o
    0x00000b24   0x00000010   Code   RO          148    i.USBDesc_GetStringDesc  usb_desc.o
    0x00000b34   0x00000008   Ven    RO          102    i.USB_InterruptHandler  driver_usb.o
    0x00000b3c   0x00000028   Code   RO          102    i.USB_InterruptHandler  driver_usb.o
    0x00000b64   0x0000005c   Code   RO          103    i.USB_IsrDispatch   driver_usb.o
    0x00000bc0   0x00000008   Ven    RO           32    i.Undefined_Exception  bim_intc.o
    0x00000bc8   0x00000008   Code   RO           32    i.Undefined_Exception  bim_intc.o
    0x00000bd0   0x0000002e   Code   RO          149    i.UsbDesc_Find      usb_desc.o
    0x00000bfe   0x00000002   PAD
    0x00000c00   0x00000014   Code   RO           23    i.__ARM_common_disable_fiq  bim_app.o
    0x00000c14   0x00000014   Code   RO           22    i.__ARM_common_disable_irq  bim_app.o
    0x00000c28   0x00000010   Code   RO           25    i.__ARM_common_enable_fiq  bim_app.o
    0x00000c38   0x00000010   Code   RO           24    i.__ARM_common_enable_irq  bim_app.o
    0x00000c48   0x00000018   Code   RO           26    i.__ARM_common_switch8  bim_app.o
    0x00000c60   0x00000054   Code   RO          166    i.__free$2region    mc_5.l(malloc2.o)
    0x00000cb4   0x0000006c   Code   RO          167    i.__malloc$2region  mc_5.l(malloc2.o)
    0x00000d20   0x00000030   Code   RO          133    i._build_pipRxBuf   usb.o
    0x00000d50   0x00000030   Code   RO          134    i._build_pipTxBuf   usb.o
    0x00000d80   0x000000f4   Code   RO          135    i._config_endp      usb.o
    0x00000e74   0x00000034   Code   RO          104    i._endp_rx          driver_usb.o
    0x00000ea8   0x0000002c   Code   RO          105    i._endp_tx          driver_usb.o
    0x00000ed4   0x00000060   Code   RO          106    i._ep0_isr          driver_usb.o
    0x00000f34   0x0000002a   Code   RO          136    i._find_HidClassRpt  usb.o
    0x00000f5e   0x00000026   Code   RO          138    i._find_tarDesc     usb.o
    0x00000f84   0x000000e0   Code   RO           33    i.bim_check_backup_sec_status  bim_updataimage.o
    0x00001064   0x00000150   Code   RO           34    i.bim_check_image_sec_status  bim_updataimage.o
    0x000011b4   0x000000a8   Code   RO           35    i.bim_erase_backup_sec  bim_updataimage.o
    0x0000125c   0x000000e0   Code   RO           36    i.bim_erase_image_sec  bim_updataimage.o
    0x0000133c   0x00000128   Code   RO           37    i.bim_get_psec_backup_header  bim_updataimage.o
    0x00001464   0x00000104   Code   RO           38    i.bim_get_psec_image_header  bim_updataimage.o
    0x00001568   0x00000008   Ven    RO            9    i.bim_main          bim_app.o
    0x00001570   0x000001bc   Code   RO            9    i.bim_main          bim_app.o
    0x0000172c   0x00000004   Code   RO           69    i.bim_printf        bim_uart2 .o
    0x00001730   0x000000ac   Code   RO           39    i.bim_select_sec    bim_updataimage.o
    0x000017dc   0x000000e8   Code   RO           40    i.bim_updata_backup_to_image_sec  bim_updataimage.o
    0x000018c4   0x00000288   Code   RO           10    i.bim_usb_data_callback  bim_app.o
    0x00001b4c   0x00000048   Code   RO           41    i.calc_backup_sec_crc  bim_updataimage.o
    0x00001b94   0x000000a0   Code   RO           42    i.calc_image_sec_crc  bim_updataimage.o
    0x00001c34   0x00000018   Code   RO           49    i.flash_advance_init  bim_flash.o
    0x00001c4c   0x00000060   Code   RO           50    i.flash_erase       bim_flash.o
    0x00001cac   0x00000044   Code   RO           51    i.flash_erase_one_block  bim_flash.o
    0x00001cf0   0x00000058   Code   RO           52    i.flash_erase_sector  bim_flash.o
    0x00001d48   0x0000002e   Code   RO           53    i.flash_read        bim_flash.o
    0x00001d76   0x00000002   PAD
    0x00001d78   0x000000a0   Code   RO           54    i.flash_read_data   bim_flash.o
    0x00001e18   0x00000024   Code   RO           55    i.flash_read_sr     bim_flash.o
    0x00001e3c   0x00000090   Code   RO           57    i.flash_wp_128k     bim_flash.o
    0x00001ecc   0x0000008c   Code   RO           58    i.flash_wp_256k     bim_flash.o
    0x00001f58   0x00000088   Code   RO           59    i.flash_wp_8k       bim_flash.o
    0x00001fe0   0x00000088   Code   RO           60    i.flash_wp_ALL      bim_flash.o
    0x00002068   0x0000005c   Code   RO           61    i.flash_write       bim_flash.o
    0x000020c4   0x0000010c   Code   RO           62    i.flash_write_data  bim_flash.o
    0x000021d0   0x000000e4   Code   RO           63    i.flash_write_sr    bim_flash.o
    0x000022b4   0x0000002c   Code   RO           64    i.get_flash_ID      bim_flash.o
    0x000022e0   0x0000002c   Code   RO           74    i.icu_init          bim_icu.o
    0x0000230c   0x00000020   Code   RO           43    i.make_crc32        bim_updataimage.o
    0x0000232c   0x00000034   Code   RO           44    i.make_crc32_table  bim_updataimage.o
    0x00002360   0x000000f0   Code   RO           75    i.mcu_clk_switch    bim_icu.o
    0x00002450   0x00000058   Code   RO           72    i.uart2_init        bim_uart2 .o
    0x000024a8   0x0000000e   Code   RO           11    i.updata_memset32   bim_app.o
    0x000024b6   0x00000002   PAD
    0x000024b8   0x0000010c   Code   RO           12    i.usb_cmd_dispath   bim_app.o
    0x000025c4   0x00000060   Code   RO           13    i.usb_cmd_response  bim_app.o
    0x00002624   0x00000084   Code   RO          107    i.usb_init          driver_usb.o
    0x000026a8   0x00000028   Code   RO           14    i.usb_init_boot     bim_app.o
    0x000026d0   0x00000020   Code   RO          108    i.usb_init_sw       driver_usb.o
    0x000026f0   0x00000026   Code   RO           15    i.usb_mod_enable    bim_app.o
    0x00002716   0x00000002   PAD
    0x00002718   0x00000018   Code   RO           16    i.usb_mod_ie_enable  bim_app.o
    0x00002730   0x00000060   Code   RO           17    i.usb_operate_flash_cmd_response  bim_app.o
    0x00002790   0x00000014   Code   RO           76    i.wdt_disable       bim_wdt.o
    0x000027a4   0x00000018   Code   RO           77    i.wdt_enable        bim_wdt.o
    0x000027bc   0x0000021c   Code   RO           82    i.xvr_reg_initial   rf_xvr.o
    0x000029d8   0x00000004   Data   RO           67    .constdata          bim_flash.o
    0x000029dc   0x00000034   Data   RO          142    .constdata          usb.o
    0x00002a10   0x00000021   Data   RO          150    .constdata          usb_desc.o
    0x00002a31   0x00000001   PAD
    0x00002a32   0x00000004   Data   RO          151    .constdata          usb_desc.o
    0x00002a36   0x00000014   Data   RO          152    .constdata          usb_desc.o
    0x00002a4a   0x0000000c   Data   RO          153    .constdata          usb_desc.o
    0x00002a56   0x00000012   Data   RO          154    .constdata          usb_desc.o
    0x00002a68   0x00000029   Data   RO          155    .constdata          usb_desc.o
    0x00002a91   0x00000040   Data   RO          156    .constdata          usb_desc.o


    Execution Region PEND_FOR_FLASH (Base: 0x00400000, Size: 0x00000020, Max: 0x00000020, ABSOLUTE)

    Base Addr    Size         Type   Attr      Idx    E Section Name        Object

    0x00400000   0x00000020   Zero   RW            1    PEND_FOR_FLASH.bss  anon$$obj.o


    Execution Region RAM_DATA (Base: 0x00400020, Size: 0x00000060, Max: 0xffffffff, ABSOLUTE)

    Base Addr    Size         Type   Attr      Idx    E Section Name        Object

    0x00400020   0x00000030   Data   RW           20    .data               bim_app.o
    0x00400050   0x0000000c   Data   RW           68    .data               bim_flash.o
    0x0040005c   0x00000012   Data   RW          143    .data               usb.o
    0x0040006e   0x00000007   Data   RW          144    .data               usb.o
    0x00400075   0x00000001   Data   RW          159    .data               usbclass.o
    0x00400076   0x00000002   PAD
    0x00400078   0x00000004   Data   RW          182    .data               mc_5.l(mvars.o)
    0x0040007c   0x00000004   Data   RW          183    .data               mc_5.l(mvars.o)


    Execution Region RAM_BSS (Base: 0x00400080, Size: 0x00001688, Max: 0xffffffff, ABSOLUTE)

    Base Addr    Size         Type   Attr      Idx    E Section Name        Object

    0x00400080   0x00001168   Zero   RW           19    .bss                bim_app.o
    0x004011e8   0x00000430   Zero   RW           45    .bss                bim_updataimage.o
    0x00401618   0x00000080   Zero   RW           83    .bss                rf_xvr.o
    0x00401698   0x00000010   Zero   RW          109    .bss                driver_usb.o
    0x004016a8   0x00000060   Zero   RW          141    .bss                usb.o


    Execution Region ARM_LIB_HEAP (Base: 0x0040372c, Size: 0x00004000, Max: 0x00004000, ABSOLUTE)

    Base Addr    Size         Type   Attr      Idx    E Section Name        Object

    0x0040372c   0x00004000   Zero   RW            2    ARM_LIB_HEAP.bss    anon$$obj.o


    Execution Region ARM_LIB_STACK (Base: 0x0040772c, Size: 0x00004000, Max: 0x00004000, ABSOLUTE)

    Base Addr    Size         Type   Attr      Idx    E Section Name        Object

    0x0040772c   0x00004000   Zero   RW            3    ARM_LIB_STACK.bss   anon$$obj.o


    Execution Region RAM_STACK_UNUSED (Base: 0x0040b72c, Size: 0x00000200, Max: 0x00000200, ABSOLUTE)

    Base Addr    Size         Type   Attr      Idx    E Section Name        Object

    0x0040b72c   0x00000200   Zero   RW            4    RAM_STACK_UNUSED.bss  anon$$obj.o


    Execution Region RAM_STACK_SVC (Base: 0x0040b92c, Size: 0x000002f0, Max: 0x000002f0, ABSOLUTE)

    Base Addr    Size         Type   Attr      Idx    E Section Name        Object

    0x0040b92c   0x000002f0   Zero   RW            5    RAM_STACK_SVC.bss   anon$$obj.o


    Execution Region RAM_STACK_IRQ (Base: 0x0040bc1c, Size: 0x000001f0, Max: 0x000001f0, ABSOLUTE)

    Base Addr    Size         Type   Attr      Idx    E Section Name        Object

    0x0040bc1c   0x000001f0   Zero   RW            6    RAM_STACK_IRQ.bss   anon$$obj.o


    Execution Region RAM_STACK_FIQ (Base: 0x0040be0c, Size: 0x000001f0, Max: 0x000001f0, ABSOLUTE)

    Base Addr    Size         Type   Attr      Idx    E Section Name        Object

    0x0040be0c   0x000001f0   Zero   RW            7    RAM_STACK_FIQ.bss   anon$$obj.o


==============================================================================

Image component sizes


      Code (inc. data)   RO Data    RW Data    ZI Data      Debug   Object Name

      1792        194         64         48       4456          0   bim_app.o
      1706        224          4         12          0          0   bim_flash.o
       500         76          0          0          0          0   bim_handlers.o
       284         26          0          0          0          0   bim_icu.o
        72          0          0          0          0          0   bim_intc.o
        92         22          0          0          0          0   bim_uart2 .o
      2228        966          0          0       1072          0   bim_updataimage.o
       116         32          0          0          0          0   bim_vectors.o
        44         10          0          0          0          0   bim_wdt.o
      1024        122          0          0         16          0   driver_usb.o
       572        204          0          0        128          0   rf_xvr.o
      1512        110         52         25         96          0   usb.o
        94         16        192          0          0          0   usb_desc.o
        60          0          0          1          0          0   usbclass.o

    ----------------------------------------------------------------------
     10300       2002        316         88      40824          0   Object Totals
        56          0          0          0      35056          0   (incl. Generated)
       148          0          4          2          0          0   (incl. Padding)

    ----------------------------------------------------------------------

      Code (inc. data)   RO Data    RW Data    ZI Data      Debug   Library Member Name

       192         20          0          0          0          0   malloc2.o
        36          0          0          0          0          0   memcpya.o
        38          0          0          0          0          0   memseta.o
         0          0          0          8          0          0   mvars.o
        44          0          0          0          0          0   uidiv.o
        20          0          0          0          0          0   uread4.o
        18          0          0          0          0          0   uwrite4.o

    ----------------------------------------------------------------------
       348         20          0          8          0          0   Library Totals
         0          0          0          0          0          0   (incl. Padding)

    ----------------------------------------------------------------------

      Code (inc. data)   RO Data    RW Data    ZI Data      Debug   Library Name

       348         20          0          8          0          0   mc_5.l

    ----------------------------------------------------------------------
       348         20          0          8          0          0   Library Totals

    ----------------------------------------------------------------------

==============================================================================


      Code (inc. data)   RO Data    RW Data    ZI Data      Debug   

     10648       2022        316         96      40824          0   Grand Totals
     10648       2022        316         96      40824          0   ELF Image Totals
     10648       2022        316         96          0          0   ROM Totals

==============================================================================

    Total RO  Size (Code + RO Data)                10964 (  10.71kB)
    Total RW  Size (RW Data + ZI Data)             40920 (  39.96kB)
    Total ROM Size (Code + RO Data + RW Data)      11060 (  10.80kB)

==============================================================================

