Component: ARM Compiler 5.06 update 6 (build 750) Tool: armlink [4d35ed]

==============================================================================

Section Cross References

    boot_handlers.o(SYS_BOOT) refers to main.o(i.main) for main
    boot_vectors.o(SYS_BOOT) refers to boot_handlers.o(SYS_BOOT) for sys_Reset
    boot_vectors.o(SYS_BOOT) refers to intc.o(sys_irq_entry) for SYSirq_IRQ_Handler
    boot_vectors.o(SYS_BOOT) refers to intc.o(sys_fiq_entry) for SYSirq_FIQ_Handler
    main.o(i.bdaddr_env_init) refers to flash.o(i.flash_read_data) for flash_read_data
    main.o(i.enter_dut_fcc_mode) refers to rwip.o(i.rwip_schedule) for rwip_schedule
    main.o(i.enter_dut_fcc_mode) refers to uart.o(i.uart_h4tl_data_switch) for uart_h4tl_data_switch
    main.o(i.enter_normal_app_mode) refers to adc.o(i.calib_adc) for calib_adc
    main.o(i.enter_normal_app_mode) refers to rwip.o(i.rwip_schedule) for rwip_schedule
    main.o(i.enter_normal_app_mode) refers to oads.o(i.oad_updating_user_section_pro) for oad_updating_user_section_pro
    main.o(i.enter_normal_app_mode) refers to main.o(i.stack_integrity_check) for stack_integrity_check
    main.o(i.enter_normal_app_mode) refers to main.o(.data) for .data
    main.o(i.get_sys_mode) refers to main.o(.data) for .data
    main.o(i.main) refers to icu.o(i.icu_init) for icu_init
    main.o(i.main) refers to wdt.o(i.wdt_disable) for wdt_disable
    main.o(i.main) refers to intc.o(i.intc_init) for intc_init
    main.o(i.main) refers to gpio.o(i.gpio_config) for gpio_config
    main.o(i.main) refers to rf_xvr.o(i.Delay_ms) for Delay_ms
    main.o(i.main) refers to gpio.o(i.gpio_get_input) for gpio_get_input
    main.o(i.main) refers to uart.o(i.uart_init) for uart_init
    main.o(i.main) refers to uart2.o(i.uart2_init) for uart2_init
    main.o(i.main) refers to gpio.o(i.gpio_init) for gpio_init
    main.o(i.main) refers to flash.o(i.flash_init) for flash_init
    main.o(i.main) refers to main.o(i.bdaddr_env_init) for bdaddr_env_init
    main.o(i.main) refers to nvds.o(i.nvds_init) for nvds_init
    main.o(i.main) refers to main.o(i.rom_env_init) for rom_env_init
    main.o(i.main) refers to rwip.o(i.rwip_init) for rwip_init
    main.o(i.main) refers to uart2.o(i.uart2_printf) for uart2_printf
    main.o(i.main) refers to icu.o(i.mcu_clk_switch) for mcu_clk_switch
    main.o(i.main) refers to main.o(i.enter_dut_fcc_mode) for enter_dut_fcc_mode
    main.o(i.main) refers to icu.o(i.icu_set_sleep_mode) for icu_set_sleep_mode
    main.o(i.main) refers to aon_rtc.o(i.aon_rtc_init) for aon_rtc_init
    main.o(i.main) refers to adc.o(i.calib_adc) for calib_adc
    main.o(i.main) refers to device.o(i.DeviceInit) for DeviceInit
    main.o(i.main) refers to device.o(i.delay) for delay
    main.o(i.main) refers to icu.o(i.deep_sleep) for deep_sleep
    main.o(i.main) refers to main.o(i.enter_normal_app_mode) for enter_normal_app_mode
    main.o(i.main) refers to main.o(.data) for .data
    main.o(i.main) refers to adc.o(.data) for batt_Voltage
    main.o(i.main) refers to device.o(.data) for UartInit_Flag
    main.o(i.platform_reset) refers to uart2.o(i.uart2_printf) for uart2_printf
    main.o(i.platform_reset) refers to icu.o(i.cpu_reset) for cpu_reset
    main.o(i.rom_env_init) refers to prf.o(i.prf_get_id_from_task) for prf_get_id_from_task
    main.o(i.rom_env_init) refers to prf.o(i.prf_get_task_from_id) for prf_get_task_from_id
    main.o(i.rom_env_init) refers to prf.o(i.prf_init) for prf_init
    main.o(i.rom_env_init) refers to prf.o(i.prf_create) for prf_create
    main.o(i.rom_env_init) refers to prf.o(i.prf_cleanup) for prf_cleanup
    main.o(i.rom_env_init) refers to prf.o(i.prf_add_profile) for prf_add_profile
    main.o(i.rom_env_init) refers to rwip.o(i.rwip_reset) for rwip_reset
    main.o(i.rom_env_init) refers to main.o(i.platform_reset) for platform_reset
    main.o(i.rom_env_init) refers to rwble.o(i.rwble_sleep_wakeup_end) for rwble_sleep_wakeup_end
    main.o(i.rom_env_init) refers to uart2.o(i.uart2_printf) for uart2_printf
    main.o(i.rwip_eif_get) refers to main.o(.constdata) for .constdata
    main.o(i.stack_integrity_check) refers to uart2.o(i.uart2_printf) for uart2_printf
    main.o(i.stack_integrity_check) refers to boot_handlers.o(SYS_BOOT) for boot_stack_base_UNUSED
    main.o(i.sys_mode_init) refers to main.o(.data) for .data
    main.o(.constdata) refers to uart.o(i.uart_read) for uart_read
    main.o(.constdata) refers to uart.o(i.uart_write) for uart_write
    main.o(.constdata) refers to uart.o(i.uart_flow_on) for uart_flow_on
    main.o(.constdata) refers to uart.o(i.uart_flow_off) for uart_flow_off
    app.o(i.appm_add_svc) refers to uart2.o(i.uart2_printf) for uart2_printf
    app.o(i.appm_add_svc) refers to app.o(.bss) for .bss
    app.o(i.appm_add_svc) refers to app.o(.constdata) for .constdata
    app.o(i.appm_disconnect) refers to uart2.o(i.uart2_printf) for uart2_printf
[...]
    app_fff0_env                             0x00400e2e   Data           3  app_fff0.o(.data)
    Temp_for_Ctl_ResLevel                    0x00400e35   Data           1  app_ftms.o(.data)
    Temp_for_Device_Type                     0x00400e36   Data           1  app_ftms.o(.data)
    Temp_for_Ctl_Speed                       0x00400e38   Data           2  app_ftms.o(.data)
    Temp_for_Ctl_Inclination                 0x00400e3a   Data           2  app_ftms.o(.data)
    HeartRate_NewCh                          0x00400e3c   Data           2  app_ftms.o(.data)
    app_ftms_env                             0x00400e3e   Data           3  app_ftms.o(.data)
    xApp_FTMS_Handler                        0x00400e44   Data          28  app_ftms.o(.data)
    rwip_rst_state                           0x00400e64   Data           1  rwip.o(.data)
    flash_enable_write_flag1                 0x00400e69   Data           1  flash.o(.data)
    flash_enable_write_flag2                 0x00400e6a   Data           1  flash.o(.data)
    flash_enable_write_flag3                 0x00400e6b   Data           1  flash.o(.data)
    flash_enable_write_flag4                 0x00400e6c   Data           1  flash.o(.data)
    flash_enable_erase_flag1                 0x00400e6d   Data           1  flash.o(.data)
    flash_enable_erase_flag2                 0x00400e6e   Data           1  flash.o(.data)
    flash_mid                                0x00400e70   Data           4  flash.o(.data)
    value_kcal_result_1M                     0x00400e74   Data           4  rf_xvr.o(.data)
    value_kcal_result_2M                     0x00400e78   Data           4  rf_xvr.o(.data)
    system_sleep_status                      0x00400e82   Data           1  icu.o(.data)
    batt_level                               0x00400e84   Data           1  adc.o(.data)
    batt_Voltage                             0x00400e85   Data           1  adc.o(.data)
    adc_flag                                 0x00400e86   Data           1  adc.o(.data)
    referance_voltage                        0x00400e88   Data           2  adc.o(.data)
    g_adc_value                              0x00400e8a   Data           2  adc.o(.data)
    uart2_rx_done                            0x00400e8c   Data           1  uart2.o(.data)
    uart2_rx_index                           0x00400e94   Data           4  uart2.o(.data)
    itest_dut_flag                           0x00400e99   Data           1  uart.o(.data)
    get_mac_addr_str                         0x00400ea4   Data          13  uart.o(.data)
    dut_test_start_str                       0x00400eb1   Data          10  uart.o(.data)
    dut_test_res_str                         0x00400ebb   Data          16  uart.o(.data)
    dut_quit_str                             0x00400ecb   Data          15  uart.o(.data)
    dut_reset_str                            0x00400eda   Data           9  uart.o(.data)
    dut_reset2_str                           0x00400ee3   Data          11  uart.o(.data)
    rtc_cnt                                  0x00400ef0   Data           4  aon_rtc.o(.data)
    oad_firmware_type                        0x00400f0d   Data           1  oads.o(.data)
    latency_disable_state                    0x00400f0e   Data           1  oads.o(.data)
    oad_uuid                                 0x00400f18   Data           4  oads.o(.data)
    HB_FFF2_Handle_val                       0x00400f1e   Data           2  sdp_service.o(.data)
    HB_FFF1_Handle_val                       0x00400f20   Data           2  sdp_service.o(.data)
    HB_Read2A29_Handle_val                   0x00400f22   Data           2  sdp_service.o(.data)
    HB_Read2A24_Handle_val                   0x00400f24   Data           2  sdp_service.o(.data)
    HB_Read2A2A_Handle_val                   0x00400f26   Data           2  sdp_service.o(.data)
    HB_Read2ACC_Handle_val                   0x00400f28   Data           2  sdp_service.o(.data)
    HB_Read2A37_Handle_val                   0x00400f2a   Data           2  sdp_service.o(.data)
    step_flag                                0x00400f2c   Data           1  match_hb.o(.data)
    Disconnect_will_flag                     0x00400f2d   Data           1  match_hb.o(.data)
    Box_ScanBusy_Flag                        0x00400f2e   Data           1  match_hb.o(.data)
    Slave_ConnectComplete                    0x00400f2f   Data           1  match_hb.o(.data)
    Master_SlaveScanStep                     0x00400f30   Data           1  match_hb.o(.data)
    Step_Box_ScanEnabled                     0x00400f31   Data           1  match_hb.o(.data)
    Step_Heart_ScanEnabled                   0x00400f32   Data           1  match_hb.o(.data)
    Get_BoxADDR_Val                          0x00400f33   Data           6  match_hb.o(.data)
    BoxAddr                                  0x00400f3a   Data           8  match_hb.o(.data)
    ResetAD_Flag                             0x00400f42   Data           1  match_hb.o(.data)
    resetAD_bit                              0x00400f43   Data           1  match_hb.o(.data)
    ResetCPU_Flag                            0x00400f44   Data           1  device.o(.data)
    IO_or_Uart_Mode                          0x00400f45   Data           1  device.o(.data)
    bBLE_InitStackComplete                   0x00400f46   Data           1  device.o(.data)
    Connect_His_Flag                         0x00400f47   Data           1  device.o(.data)
    Connect_CB_Flag                          0x00400f48   Data           1  device.o(.data)
    CURRENT_CNT_STA                          0x00400f49   Data           1  device.o(.data)
    Heart_clearn_flag                        0x00400f4a   Data           1  device.o(.data)
    UartInit_Flag                            0x00400f4d   Data           1  device.o(.data)
    prvbNewProtocolFlag                      0x00400f4e   Data           1  device.o(.data)
    resetAD_cnt                              0x00400f50   Data           1  device.o(.data)
    BOXreset_Ready_cnt                       0x00400f51   Data           1  device.o(.data)
    update_cnt                               0x00400f52   Data           1  device.o(.data)
    Heartreset_Ready_cnt                     0x00400f53   Data           1  device.o(.data)
    ulSysTick                                0x00400f58   Data           4  device.o(.data)
    Init_deviceBLE_Information               0x00400f60   Data           4  device.o(.data)
    timer_task_UartInit                      0x00400f64   Data           4  device.o(.data)
    timer_task_Listen                        0x00400f68   Data           4  device.o(.data)
    timer_task_FTMS1                         0x00400f6c   Data           4  device.o(.data)
    timer_task_FTMS2                         0x00400f70   Data           4  device.o(.data)
    timer_task_Con                           0x00400f74   Data           4  device.o(.data)
    timer_task_Checker                       0x00400f78   Data           4  device.o(.data)
    timer_task_Sync_Data                     0x00400f7c   Data           4  device.o(.data)
    timer_task_MasterAD                      0x00400f80   Data           4  device.o(.data)
    timer_task_BATT                          0x00400f84   Data           4  device.o(.data)
    MacAddr_Info                             0x00400f88   Data           6  device.o(.data)
    Get_NVDS_SuccessFlag                     0x00400f8e   Data           1  device.o(.data)
    FTMS_Uart_ReadType                       0x00400f90   Data           1  systemconfig.o(.data)
    Read_Code_type                           0x00400f91   Data           1  systemconfig.o(.data)
    Read_Code_Brand                          0x00400f92   Data           2  systemconfig.o(.data)
    Read_Code_Model                          0x00400f94   Data           2  systemconfig.o(.data)
    system_time                              0x004010ac   Data           4  timer_task_frame.o(.data)
    Running_Time                             0x004010b0   Data           4  timer_task_frame.o(.data)
    Data_Process                             0x004010b4   Data           4  timer_task_frame.o(.data)
    Pulse_Detection                          0x004010b8   Data           4  timer_task_frame.o(.data)
    Heart_Detection                          0x004010bc   Data           4  timer_task_frame.o(.data)
    Image$$RAM_BSS$$Base                     0x004010c0   Number         0  anon$$obj.o ABSOLUTE
    app_env                                  0x004010c0   Data          58  app.o(.bss)
    app_sec_env                              0x004010fa   Data          44  app_sec.o(.bss)
    ad_data                                  0x00401126   Data         100  app_task.o(.bss)
    DataForMachineStatueUpdate               0x0040118a   Data          15  app_ftms.o(.bss)
    rwip_heap_env                            0x0040119c   Data        6924  rwip.o(.bss)
    rwip_heap_db                             0x00402ca8   Data        4108  rwip.o(.bss)
    rwip_heap_msg                            0x00403cb4   Data       17580  rwip.o(.bss)
    rwip_heap_non_ret                        0x00408160   Data         668  rwip.o(.bss)
    prf_env                                  0x00408414   Data         960  prf.o(.bss)
    XVR_ANALOG_REG_BAK                       0x004087d4   Data         128  rf_xvr.o(.bss)
    spi_param                                0x00408854   Data          12  spi.o(.bss)
    uart2_rx_buf                             0x00408880   Data         128  uart2.o(.bss)
    uart2_tx_buf                             0x00408900   Data         128  uart2.o(.bss)
    uart_rx_buf                              0x004089c8   Data         128  uart.o(.bss)
    dut_tx_test_res                          0x00408a48   Data          20  uart.o(.bss)
    host_cmd_data                            0x00408a5c   Data          72  uart.o(.bss)
    host_event_data                          0x00408aa4   Data          72  uart.o(.bss)
    p_PWM0_Int_Handler                       0x00408aec   Data          12  pwm.o(.bss)
    p_PWM1_Int_Handler                       0x00408af8   Data          12  pwm.o(.bss)
    tmr0_env                                 0x00408b04   Data          44  timer0.o(.bss)
    bsec                                     0x00408b30   Data        2032  oads.o(.bss)
    notify_data                              0x00409320   Data         127  sdp_service_task.o(.bss)
    sdp_env_init                             0x004093a0   Data        1784  sdp_service.o(.bss)
    xFitShowAllData                          0x00409a98   Data         132  device.o(.bss)
    Device_SportInfo                         0x00409b1c   Data          24  device.o(.bss)
    Device_BaseInfo                          0x00409b34   Data          16  device.o(.bss)
    Init_FactaryInformation                  0x00409b52   Data          14  systemconfig.o(.bss)
    Pulse_Para                               0x00409b76   Data          34  pulse_frame.o(.bss)
    Sport_Para                               0x00409b98   Data          40  pulse_frame.o(.bss)
    Image$$RAM_STACK_UNUSED$$Base            0x0040f1cc   Number         0  anon$$obj.o ABSOLUTE
    Image$$RAM_STACK_SVC$$Base               0x0040f22c   Number         0  anon$$obj.o ABSOLUTE
    Image$$RAM_STACK_IRQ$$Base               0x0040f91c   Number         0  anon$$obj.o ABSOLUTE
    Image$$RAM_STACK_FIQ$$Base               0x0040fd0c   Number         0  anon$$obj.o ABSOLUTE
    __initial_sp                             0x0040fffc   Number         0  boot_handlers.o ABSOLUTE



==============================================================================

Memory Map of the image

  Image Entry point : 0x0002c484

  Load Region SECTIONS (Base: 0x0002c400, Size: 0x0000faa4, Max: 0xffffffff, ABSOLUTE)

    Execution Region ROM_SYS (Exec base: 0x0002c400, Load base: 0x0002c400, Size: 0x00000278, Max: 0xffffffff, ABSOLUTE)

    Exec Addr    Load Addr    Size         Type   Attr      Idx    E Section Name        Object

    0x0002c400   0x0002c400   0x0000005c   Code   RO            6  * SYS_BOOT            boot_vectors.o
    0x0002c45c   0x0002c45c   0x000001f4   Code   RO            5  * SYS_BOOT            boot_handlers.o
    0x0002c650   0x0002c650   0x00000008   Ven    RO          877    Veneer$$Code        anon$$obj.o
    0x0002c658   0x0002c658   0x00000008   Ven    RO          878    Veneer$$Code        anon$$obj.o
    0x0002c660   0x0002c660   0x00000008   Ven    RO          879    Veneer$$Code        anon$$obj.o
    0x0002c668   0x0002c668   0x00000008   Ven    RO          880    Veneer$$Code        anon$$obj.o
    0x0002c670   0x0002c670   0x00000008   Ven    RO          881    Veneer$$Code        anon$$obj.o


    Execution Region FAST_CALL_SEG (Exec base: 0x0002c700, Load base: 0x0002c700, Size: 0x00000030, Max: 0xffffffff, ABSOLUTE, FIXED)

    Exec Addr    Load Addr    Size         Type   Attr      Idx    E Section Name        Object

    0x0002c700   0x0002c700   0x00000010   Code   RO          456    sys_fiq_entry       intc.o
    0x0002c710   0x0002c710   0x00000010   PAD
    0x0002c720   0x0002c720   0x00000010   Code   RO          457    sys_irq_entry       intc.o


    Execution Region ROM (Exec base: 0x0002c730, Load base: 0x0002c730, Size: 0x0000f4b4, Max: 0xffffffff, ABSOLUTE)

    Exec Addr    Load Addr    Size         Type   Attr      Idx    E Section Name        Object

    0x0002c730   0x0002c730   0x00000000   Code   RO          810  * .ARM.Collect$$$$00000000  mc_5.l(entry.o)
    0x0002c730   0x0002c730   0x00000004   Code   RO          842    .ARM.Collect$$$$00000001  mc_5.l(entry2.o)
    0x0002c734   0x0002c734   0x00000004   Code   RO          844    .ARM.Collect$$$$00000004  mc_5.l(entry5.o)
    0x0002c738   0x0002c738   0x00000000   Code   RO          846    .ARM.Collect$$$$00000008  mc_5.l(entry7b.o)
    0x0002c738   0x0002c738   0x00000000   Code   RO          848    .ARM.Collect$$$$0000000A  mc_5.l(entry8b.o)
    0x0002c738   0x0002c738   0x0000000c   Code   RO          849    .ARM.Collect$$$$0000000B  mc_5.l(entry9a.o)
    0x0002c744   0x0002c744   0x00000000   Code   RO          851    .ARM.Collect$$$$0000000D  mc_5.l(entry10a.o)
    0x0002c744   0x0002c744   0x00000000   Code   RO          853    .ARM.Collect$$$$0000000F  mc_5.l(entry11a.o)
    0x0002c744   0x0002c744   0x00000004   Code   RO          843    .ARM.Collect$$$$00002712  mc_5.l(entry2.o)
    0x0002c748   0x0002c748   0x00000028   Code   RO          813    .text               mc_5.l(strstr.o)
    0x0002c770   0x0002c770   0x0000001a   Code   RO          814    .text               mc_5.l(strncpy.o)
    0x0002c78a   0x0002c78a   0x0000000e   Code   RO          815    .text               mc_5.l(strlen.o)
    0x0002c798   0x0002c798   0x00000012   Code   RO          816    .text               mc_5.l(strcpy.o)
    0x0002c7aa   0x0002c7aa   0x00000002   PAD
    0x0002c7ac   0x0002c7ac   0x00000164   Code   RO          835    .text               mf_5.l(dadd.o)
    0x0002c910   0x0002c910   0x000000d0   Code   RO          836    .text               mf_5.l(dmul.o)
    0x0002c9e0   0x0002c9e0   0x0000000e   Code   RO          838    .text               mf_5.l(ffltui.o)
    0x0002c9ee   0x0002c9ee   0x00000002   PAD
    0x0002c9f0   0x0002c9f0   0x0000001c   Code   RO          839    .text               mf_5.l(dfltui.o)
    0x0002ca0c   0x0002ca0c   0x0000003c   Code   RO          840    .text               mf_5.l(dfixui.o)
    0x0002ca48   0x0002ca48   0x00000028   Code   RO          841    .text               mf_5.l(f2d.o)
    0x0002ca70   0x0002ca70   0x00000060   Code   RO          857    .text               mc_5.l(uldiv.o)
    0x0002cad0   0x0002cad0   0x00000020   Code   RO          858    .text               mc_5.l(llshl.o)
    0x0002caf0   0x0002caf0   0x00000022   Code   RO          859    .text               mc_5.l(llushr.o)
    0x0002cb12   0x0002cb12   0x00000026   Code   RO          860    .text               mc_5.l(llsshr.o)
    0x0002cb38   0x0002cb38   0x00000000   Code   RO          861    .text               mc_5.l(iusefp.o)
    0x0002cb38   0x0002cb38   0x00000068   Code   RO          862    .text               mf_5.l(fepilogue.o)
    0x0002cba0   0x0002cba0   0x000000be   Code   RO          864    .text               mf_5.l(depilogue.o)
    0x0002cc5e   0x0002cc5e   0x00000002   PAD
    0x0002cc60   0x0002cc60   0x000000f0   Code   RO          865    .text               mf_5.l(ddiv.o)
    0x0002cd50   0x0002cd50   0x00000040   Code   RO          866    .text               mf_5.l(dfixul.o)
    0x0002cd90   0x0002cd90   0x00000028   Code   RO          867    .text               mf_5.l(cdrcmple.o)
    0x0002cdb8   0x0002cdb8   0x00000020   Code   RO          868    .text               mc_5.l(init.o)
    0x0002cdd8   0x0002cdd8   0x0000004c   Code   RO          712    i.BLE_Con_CB        device.o
    0x0002ce24   0x0002ce24   0x00000020   Code   RO          713    i.BLE_Con_Checker   device.o
    0x0002ce44   0x0002ce44   0x00000034   Code   RO          714    i.BLE_REC_DATA      device.o
    0x0002ce78   0x0002ce78   0x00000020   Code   RO          715    i.BLE_SEND_DATA     device.o
    0x0002ce98   0x0002ce98   0x00000008   Code   RO          716    i.BLE_SendToUart0   device.o
    0x0002cea0   0x0002cea0   0x0000005c   Code   RO          333    i.CLK32K_AutoCali_init  rf_xvr.o
    0x0002cefc   0x0002cefc   0x00000058   Code   RO          682    i.Check_FitShowPro_CB  match_hb.o
    0x0002cf54   0x0002cf54   0x00000030   Code   RO          718    i.ClearSportInfoOnly  device.o
    0x0002cf84   0x0002cf84   0x00000022   Code   RO          796    i.Create_Timer_Task  timer_task_frame.o
    0x0002cfa6   0x0002cfa6   0x00000002   Code   RO          361    i.DEBUG_MSG         gpio.o
    0x0002cfa8   0x0002cfa8   0x0000000c   Code   RO          797    i.Data_Process_Task  timer_task_frame.o
    0x0002cfb4   0x0002cfb4   0x0000003c   Code   RO          683    i.DelMatchInfo_CB   match_hb.o
    0x0002cff0   0x0002cff0   0x00000020   Code   RO          335    i.Delay_ms          rf_xvr.o
    0x0002d010   0x0002d010   0x00000014   Code   RO          336    i.Delay_us          rf_xvr.o
    0x0002d024   0x0002d024   0x0000029c   Code   RO          719    i.DeviceInit        device.o
    0x0002d2c0   0x0002d2c0   0x00000038   Code   RO          774    i.DoubleModePinSet  pulse_frame.o
    0x0002d2f8   0x0002d2f8   0x00000070   Code   RO          775    i.Double_Pulse_Acquire  pulse_frame.o
    0x0002d368   0x0002d368   0x00000038   Code   RO          452    i.FIQ_Exception     intc.o
    0x0002d3a0   0x0002d3a0   0x000000f4   Code   RO          721    i.FTMS_1_CB         device.o
    0x0002d494   0x0002d494   0x00000002   Code   RO          722    i.FTMS_2_CB         device.o
    0x0002d496   0x0002d496   0x00000018   Code   RO          695    i.FTMS_ControlPointResponseDataPackSerialization  dataserialization.o
    0x0002d4ae   0x0002d4ae   0x00000002   PAD
    0x0002d4b0   0x0002d4b0   0x000001a8   Code   RO          696    i.FTMS_CrossTrainerDataPackSerialization  dataserialization.o
    0x0002d658   0x0002d658   0x00000038   Code   RO          697    i.FTMS_FeatureDataPackSerialization  dataserialization.o
    0x0002d690   0x0002d690   0x00000144   Code   RO          699    i.FTMS_IndoorBikeDataPackSerialization  dataserialization.o
    0x0002d7d4   0x0002d7d4   0x00000132   Code   RO          700    i.FTMS_RowerDataPackSerialization  dataserialization.o
    0x0002d906   0x0002d906   0x00000018   Code   RO          703    i.FTMS_SupportedHeartRateRangeDataPackSerialization  dataserialization.o
    0x0002d91e   0x0002d91e   0x00000024   Code   RO          704    i.FTMS_SupportedInclinationRangeDataPackSerialization  dataserialization.o
    0x0002d942   0x0002d942   0x00000024   Code   RO          705    i.FTMS_SupportedPowerRangeDataPackSerialization  dataserialization.o
    0x0002d966   0x0002d966   0x00000024   Code   RO          706    i.FTMS_SupportedResistanceRangeDataPackSerialization  dataserialization.o
    0x0002d98a   0x0002d98a   0x00000024   Code   RO          707    i.FTMS_SupportedSpeedRangeDataPackSerialization  dataserialization.o
    0x0002d9ae   0x0002d9ae   0x00000042   Code   RO          708    i.FTMS_TrainingStatusDataPackSerialization  dataserialization.o
    0x0002d9f0   0x0002d9f0   0x0000016a   Code   RO          709    i.FTMS_TreadmillDataPackSerialization  dataserialization.o
    0x0002db5a   0x0002db5a   0x00000002   PAD
    0x0002db5c   0x0002db5c   0x0000001c   Code   RO          776    i.GPIO_INT_ENABLE   pulse_frame.o
    0x0002db78   0x0002db78   0x00000058   Code   RO          777    i.GPIO_InterruptCallBack  pulse_frame.o
    0x0002dbd0   0x0002dbd0   0x00000014   Code   RO          778    i.GetGPIO_Interrupt_Flag  pulse_frame.o
    0x0002dbe4   0x0002dbe4   0x000000cc   Code   RO          685    i.GetReadValData    match_hb.o
    0x0002dcb0   0x0002dcb0   0x000000c4   Code   RO          760    i.Get_BLEInformation_NVDS  systemconfig.o
    0x0002dd74   0x0002dd74   0x0000006c   Code   RO          686    i.Get_BoxAddr_NVDS  match_hb.o
    0x0002dde0   0x0002dde0   0x00000070   Code   RO          761    i.Get_FitShowCodeInfo  systemconfig.o
    0x0002de50   0x0002de50   0x0000004c   Code   RO          779    i.Heart_Data_Cal    pulse_frame.o
    0x0002de9c   0x0002de9c   0x0000000c   Code   RO          799    i.Heart_Detection_Task  timer_task_frame.o
    0x0002dea8   0x0002dea8   0x00000028   Code   RO          780    i.Heart_Rate_Acquire  pulse_frame.o
    0x0002ded0   0x0002ded0   0x00000084   Code   RO          453    i.IRQ_Exception     intc.o
    0x0002df54   0x0002df54   0x00000020   Code   RO          781    i.Interval_To_RPM   pulse_frame.o
    0x0002df74   0x0002df74   0x00000094   Code   RO          723    i.Listen_CB         device.o
    0x0002e008   0x0002e008   0x00000002   Code   RO          724    i.MasterAD_Con_CB   device.o
    0x0002e00a   0x0002e00a   0x00000002   PAD
    0x0002e00c   0x0002e00c   0x00000014   Code   RO          725    i.Master_Connect_CB  device.o
    0x0002e020   0x0002e020   0x00000024   Code   RO          726    i.Master_Disconnect_CB  device.o
    0x0002e044   0x0002e044   0x00000060   Code   RO          687    i.Master_SlaveConnectTaskList  match_hb.o
    0x0002e0a4   0x0002e0a4   0x00000070   Code   RO          210    i.Pause_Function    app_ftms.o
    0x0002e114   0x0002e114   0x00000078   Code   RO          782    i.PulseModeConfig   pulse_frame.o
    0x0002e18c   0x0002e18c   0x00000150   Code   RO          783    i.Pulse_Data_Cal    pulse_frame.o
    0x0002e2dc   0x0002e2dc   0x0000000c   Code   RO          800    i.Pulse_Detection_Task  timer_task_frame.o
    0x0002e2e8   0x0002e2e8   0x0000002c   Code   RO          784    i.Pulse_Interval_Cal  pulse_frame.o
    0x0002e314   0x0002e314   0x00000070   Code   RO          785    i.Pulse_frame_Init  pulse_frame.o
    0x0002e384   0x0002e384   0x00000016   Code   RO          786    i.RPM_To_Speed      pulse_frame.o
    0x0002e39a   0x0002e39a   0x0000000e   Code   RO          801    i.Restart_Timer     timer_task_frame.o
    0x0002e3a8   0x0002e3a8   0x00000010   Code   RO          802    i.Running_Time_Task  timer_task_frame.o
    0x0002e3b8   0x0002e3b8   0x0000007c   Code   RO          211    i.SetTargetInclination_Function  app_ftms.o
    0x0002e434   0x0002e434   0x0000006c   Code   RO          212    i.SetTargetPower_Function  app_ftms.o
    0x0002e4a0   0x0002e4a0   0x00000058   Code   RO          213    i.SetTargetResistanceLevel_Function  app_ftms.o
    0x0002e4f8   0x0002e4f8   0x00000058   Code   RO          214    i.SetTargetSpeed_Function  app_ftms.o
    0x0002e550   0x0002e550   0x00000002   Code   RO          729    i.Slave_Connect_CB  device.o
    0x0002e552   0x0002e552   0x00000008   Code   RO          730    i.Slave_Disconnect_CB  device.o
    0x0002e55a   0x0002e55a   0x00000002   PAD
    0x0002e55c   0x0002e55c   0x0000001c   Code   RO          787    i.Sport_Starting    pulse_frame.o
    0x0002e578   0x0002e578   0x00000080   Code   RO          215    i.StartOrResume_Function  app_ftms.o
    0x0002e5f8   0x0002e5f8   0x0000000a   Code   RO          803    i.Start_Timer       timer_task_frame.o
    0x0002e602   0x0002e602   0x00000002   PAD
    0x0002e604   0x0002e604   0x00000070   Code   RO          216    i.Stop_Function     app_ftms.o
    0x0002e674   0x0002e674   0x0000004c   Code   RO          731    i.Sync_Data_CB      device.o
    0x0002e6c0   0x0002e6c0   0x00000024   Code   RO          805    i.Timer0_Int_Handler  timer_task_frame.o
    0x0002e6e4   0x0002e6e4   0x00000060   Code   RO          806    i.TimerList_Init    timer_task_frame.o
    0x0002e744   0x0002e744   0x00000020   Code   RO          807    i.Timer_Init        timer_task_frame.o
    0x0002e764   0x0002e764   0x0000002a   Code   RO          808    i.Timer_Tick        timer_task_frame.o
    0x0002e78e   0x0002e78e   0x00000002   PAD
    0x0002e790   0x0002e790   0x00000184   Code   RO          732    i.Uartinit_CB       device.o
    0x0002e914   0x0002e914   0x00000050   Code   RO          733    i.Update_ConnectFlag  device.o
    0x0002e964   0x0002e964   0x0000002c   Code   RO          734    i.VoltageCheck_CB   device.o
    0x0002e990   0x0002e990   0x00000024   Code   RO          825    i.__0vsprintf       mc_5.l(printfa.o)
    0x0002e9b4   0x0002e9b4   0x0000001c   Code   RO          873    i.__scatterload_copy  mc_5.l(handlers.o)
    0x0002e9d0   0x0002e9d0   0x00000004   Code   RO          874    i.__scatterload_null  mc_5.l(handlers.o)
    0x0002e9d4   0x0002e9d4   0x00000018   Code   RO          875    i.__scatterload_zeroinit  mc_5.l(handlers.o)
    0x0002e9ec   0x0002e9ec   0x00000174   Code   RO          826    i._fp_digits        mc_5.l(printfa.o)
    0x0002eb60   0x0002eb60   0x000006f4   Code   RO          827    i._printf_core      mc_5.l(printfa.o)
    0x0002f254   0x0002f254   0x00000020   Code   RO          828    i._printf_post_padding  mc_5.l(printfa.o)
    0x0002f274   0x0002f274   0x0000002c   Code   RO          829    i._printf_pre_padding  mc_5.l(printfa.o)
    0x0002f2a0   0x0002f2a0   0x0000000a   Code   RO          831    i._sputc            mc_5.l(printfa.o)
    0x0002f2aa   0x0002f2aa   0x00000002   PAD
    0x0002f2ac   0x0002f2ac   0x00000060   Code   RO          399    i.adc_get_value     adc.o
    0x0002f30c   0x0002f30c   0x00000060   Code   RO          400    i.adc_init          adc.o
    0x0002f36c   0x0002f36c   0x0000003c   Code   RO          401    i.adc_isr           adc.o
    0x0002f3a8   0x0002f3a8   0x00000048   Code   RO          449    i.aon_rtc_init      aon_rtc.o
    0x0002f3f0   0x0002f3f0   0x0000001c   Code   RO          450    i.aon_rtc_isr       aon_rtc.o
    0x0002f40c   0x0002f40c   0x00000014   Code   RO          217    i.app_FTMS_ControlPointResponse_Indicate_Response  app_ftms.o
    0x0002f420   0x0002f420   0x00000048   Code   RO          218    i.app_FTMS_ControlPointResponse_Indicate_handler  app_ftms.o
    0x0002f468   0x0002f468   0x00000248   Code   RO          219    i.app_FTMS_Control_Point_Write_CallBack  app_ftms.o
    0x0002f6b0   0x0002f6b0   0x00000014   Code   RO          220    i.app_FTMS_Cross_Trainer_Data_Notify_Response  app_ftms.o
    0x0002f6c4   0x0002f6c4   0x00000014   Code   RO          221    i.app_FTMS_Indoor_Bike_Data_Notify_Response  app_ftms.o
    0x0002f6d8   0x0002f6d8   0x00000014   Code   RO          222    i.app_FTMS_MachineStatus_Notify_Response  app_ftms.o
    0x0002f6ec   0x0002f6ec   0x00000014   Code   RO          223    i.app_FTMS_Rower_Data_Notify_Response  app_ftms.o
    0x0002f700   0x0002f700   0x00000014   Code   RO          224    i.app_FTMS_Stair_Climber_Data_Notify_Response  app_ftms.o
    0x0002f714   0x0002f714   0x00000014   Code   RO          225    i.app_FTMS_Step_Climber_Data_Notify_Response  app_ftms.o
    0x0002f728   0x0002f728   0x00000014   Code   RO          226    i.app_FTMS_Training_Status_Notify_Response  app_ftms.o
    0x0002f73c   0x0002f73c   0x00000014   Code   RO          227    i.app_FTMS_Treadmill_Data_Notify_Response  app_ftms.o
    0x0002f750   0x0002f750   0x00000004   Code   RO          228    i.app_FTMS_msg_dflt_handler  app_ftms.o
    0x0002f754   0x0002f754   0x00000110   Code   RO          229    i.app_FitShow_To_FTMS_Cross_Trainer_Data_Notify_handler  app_ftms.o
    0x0002f864   0x0002f864   0x00000110   Code   RO          230    i.app_FitShow_To_FTMS_Indoor_Bike_Data_Notify_handler  app_ftms.o
    0x0002f974   0x0002f974   0x00000110   Code   RO          232    i.app_FitShow_To_FTMS_Rower_Data_Notify_handler  app_ftms.o
    0x0002fa84   0x0002fa84   0x000000f4   Code   RO          236    i.app_FitShow_To_FTMS_Treadmill_Data_Notify_handler  app_ftms.o
    0x0002fb78   0x0002fb78   0x00000004   Code   RO          105    i.app_ancs_req_handler  app_task.o
    0x0002fb7c   0x0002fb7c   0x00000030   Code   RO           31    i.app_batt_add_bas  app_batt.o
    0x0002fbac   0x0002fbac   0x00000030   Code   RO           32    i.app_batt_enable_prf  app_batt.o
    0x0002fbdc   0x0002fbdc   0x00000010   Code   RO           33    i.app_batt_init     app_batt.o
    0x0002fbec   0x0002fbec   0x00000004   Code   RO           34    i.app_batt_msg_dflt_handler  app_batt.o
    0x0002fbf0   0x0002fbf0   0x00000028   Code   RO           35    i.app_batt_send_lvl  app_batt.o
    0x0002fc18   0x0002fc18   0x00000034   Code   RO           42    i.app_dis_add_dis   app_dis.o
    0x0002fc4c   0x0002fc4c   0x00000002   Code   RO           43    i.app_dis_init      app_dis.o
    0x0002fc4e   0x0002fc4e   0x00000002   PAD
    0x0002fc50   0x0002fc50   0x00000030   Code   RO           48    i.app_fcc0_add_fcc0s  app_fcc0.o
    0x0002fc80   0x0002fc80   0x0000001c   Code   RO           50    i.app_fcc0_msg_dflt_handler  app_fcc0.o
    0x0002fc9c   0x0002fc9c   0x0000005c   Code   RO           51    i.app_fcc2_send_ntf  app_fcc0.o
    0x0002fcf8   0x0002fcf8   0x00000050   Code   RO           59    i.app_fee0_add_fee0s  app_fee0.o
    0x0002fd48   0x0002fd48   0x0000001c   Code   RO           61    i.app_fee0_msg_dflt_handler  app_fee0.o
    0x0002fd64   0x0002fd64   0x0000005c   Code   RO           62    i.app_fee4_send_ntf  app_fee0.o
    0x0002fdc0   0x0002fdc0   0x0000005c   Code   RO           63    i.app_fee5_send_ind  app_fee0.o
    0x0002fe1c   0x0002fe1c   0x00000028   Code   RO           75    i.app_ffc1_writer_req_handler  app_oads.o
    0x0002fe44   0x0002fe44   0x0000001c   Code   RO           77    i.app_ffc2_writer_req_handler  app_oads.o
    0x0002fe60   0x0002fe60   0x00000050   Code   RO          199    i.app_fff0_add_fff0s  app_fff0.o
    0x0002feb0   0x0002feb0   0x0000001c   Code   RO          200    i.app_fff0_msg_dflt_handler  app_fff0.o
    0x0002fecc   0x0002fecc   0x00000010   Code   RO          201    i.app_fff0s_init    app_fff0.o
    0x0002fedc   0x0002fedc   0x0000004c   Code   RO          202    i.app_fff4_send_ntf  app_fff0.o
    0x0002ff28   0x0002ff28   0x0000022c   Code   RO          237    i.app_ftm_add_ftms  app_ftms.o
    0x00030154   0x00030154   0x00000002   Code   RO          238    i.app_ftms_init     app_ftms.o
    0x00030156   0x00030156   0x00000002   PAD
    0x00030158   0x00030158   0x00000048   Code   RO          106    i.app_gattc_event_ind_handler  app_task.o
    0x000301a0   0x000301a0   0x00000004   Code   RO          107    i.app_gattc_event_req_ind_handler  app_task.o
    0x000301a4   0x000301a4   0x00000084   Code   RO          108    i.app_gattc_sdp_timer_handler  app_task.o
    0x00030228   0x00030228   0x00000048   Code   RO          109    i.app_get_handler   app_task.o
    0x00030270   0x00030270   0x00000040   Code   RO          110    i.app_mtu_exchange_req_handler  app_task.o
    0x000302b0   0x000302b0   0x0000007c   Code   RO           78    i.app_oad_add_oads  app_oads.o
    0x0003032c   0x0003032c   0x0000000c   Code   RO           80    i.app_oads_init     app_oads.o
    0x00030338   0x00030338   0x00000058   Code   RO           81    i.app_oads_msg_dflt_handler  app_oads.o
    0x00030390   0x00030390   0x00000004   Code   RO          111    i.app_period_timer_handler  app_task.o
    0x00030394   0x00030394   0x00000054   Code   RO           89    i.app_sec_bond_cmd_req  app_sec.o
    0x000303e8   0x000303e8   0x000000fc   Code   RO           90    i.app_sec_encry_cmd_req  app_sec.o
    0x000304e4   0x000304e4   0x0000000c   Code   RO           91    i.app_sec_get_bond_status  app_sec.o
    0x000304f0   0x000304f0   0x00000034   Code   RO           92    i.app_sec_init      app_sec.o
    0x00030524   0x00030524   0x00000004   Code   RO           93    i.app_sec_msg_dflt_handler  app_sec.o
    0x00030528   0x00030528   0x00000058   Code   RO           95    i.app_sec_send_security_req  app_sec.o
    0x00030580   0x00030580   0x00000014   Code   RO          112    i.app_send_security_req_handler  app_task.o
    0x00030594   0x00030594   0x00000020   Code   RO          113    i.app_start_encrypt_handler  app_task.o
    0x000305b4   0x000305b4   0x0000002c   Code   RO          114    i.app_start_scan_handler  app_task.o
    0x000305e0   0x000305e0   0x00000020   Code   RO          115    i.app_start_smpc_handler  app_task.o
    0x00030600   0x00030600   0x00000044   Code   RO          116    i.app_update_conn_param_req_ind_handler  app_task.o
    0x00030644   0x00030644   0x00000048   Code   RO          147    i.appm_ReSet_AD_HB  app_adv.o
    0x0003068c   0x0003068c   0x00000048   Code   RO           24    i.appm_add_svc      app.o
    0x000306d4   0x000306d4   0x00000254   Code   RO          148    i.appm_build_adv_data  app_adv.o
    0x00030928   0x00030928   0x00000048   Code   RO          149    i.appm_create_advertising  app_adv.o
    0x00030970   0x00030970   0x00000054   Code   RO          171    i.appm_create_init  app_init.o
    0x000309c4   0x000309c4   0x00000054   Code   RO          160    i.appm_create_scaning  app_scan.o
    0x00030a18   0x00030a18   0x0000002c   Code   RO          150    i.appm_delete_advertising  app_adv.o
    0x00030a44   0x00030a44   0x00000054   Code   RO           25    i.appm_disconnect   app.o
    0x00030a98   0x00030a98   0x00000018   Code   RO           26    i.appm_get_dev_name  app.o
    0x00030ab0   0x00030ab0   0x000000b4   Code   RO           27    i.appm_init         app.o
    0x00030b64   0x00030b64   0x00000080   Code   RO          117    i.appm_msg_handler  app_task.o
    0x00030be4   0x00030be4   0x00000030   Code   RO          172    i.appm_read_info_req  app_init.o
    0x00030c14   0x00030c14   0x00000078   Code   RO          151    i.appm_set_adv_data  app_adv.o
    0x00030c8c   0x00030c8c   0x00000154   Code   RO          152    i.appm_set_scan_rsp_data  app_adv.o
    0x00030de0   0x00030de0   0x00000038   Code   RO          153    i.appm_start_advertising  app_adv.o
    0x00030e18   0x00030e18   0x000000a0   Code   RO          177    i.appm_start_connecting  app_init.o
    0x00030eb8   0x00030eb8   0x00000048   Code   RO          162    i.appm_start_scaning  app_scan.o
    0x00030f00   0x00030f00   0x00000054   Code   RO          154    i.appm_stop_advertising  app_adv.o
    0x00030f54   0x00030f54   0x0000002c   Code   RO          163    i.appm_stop_scaning  app_scan.o
    0x00030f80   0x00030f80   0x00000044   Code   RO           28    i.appm_update_param  app.o
    0x00030fc4   0x00030fc4   0x00000010   Code   RO          790    i.avg_cal           pulse_frame.o
    0x00030fd4   0x00030fd4   0x00000004   Code   RO           36    i.bass_batt_level_ntf_cfg_ind_handler  app_batt.o
    0x00030fd8   0x00030fd8   0x00000068   Code   RO          543    i.bass_batt_level_upd_req_handler  bass_task.o
    0x00031040   0x00031040   0x0000000a   Code   RO          533    i.bass_cleanup      bass.o
    0x0003104a   0x0003104a   0x0000000a   Code   RO          534    i.bass_create       bass.o
    0x00031054   0x00031054   0x0000001c   Code   RO          535    i.bass_destroy      bass.o
    0x00031070   0x00031070   0x00000084   Code   RO          544    i.bass_enable_req_handler  bass_task.o
    0x000310f4   0x000310f4   0x00000004   Code   RO           37    i.bass_enable_rsp_handler  app_batt.o
    0x000310f8   0x000310f8   0x000000f4   Code   RO          536    i.bass_exe_operation  bass.o
    0x000311ec   0x000311ec   0x0000007e   Code   RO          537    i.bass_get_att_handle  bass.o
    0x0003126a   0x0003126a   0x00000074   Code   RO          538    i.bass_get_att_idx  bass.o
    0x000312de   0x000312de   0x00000002   PAD
    0x000312e0   0x000312e0   0x00000160   Code   RO          539    i.bass_init         bass.o
    0x00031440   0x00031440   0x00000040   Code   RO          540    i.bass_notify_batt_lvl  bass.o
    0x00031480   0x00031480   0x00000008   Code   RO          541    i.bass_prf_itf_get  bass.o
    0x00031488   0x00031488   0x00000020   Code   RO          545    i.bass_task_init    bass_task.o
    0x000314a8   0x000314a8   0x00000004   Code   RO           38    i.batt_level_upd_handler  app_batt.o
    0x000314ac   0x000314ac   0x00000050   Code   RO            7    i.bdaddr_env_init   main.o
    0x000314fc   0x000314fc   0x000001a4   Code   RO          402    i.calib_adc         adc.o
    0x000316a0   0x000316a0   0x00000014   Code   RO          603    i.check_enough_mem_add_service  sdp_service.o
    0x000316b4   0x000316b4   0x00000064   Code   RO          309    i.clr_flash_qwfr    flash.o
    0x00031718   0x00031718   0x00000016   Code   RO          156    i.countCharacter    app_adv.o
    0x0003172e   0x0003172e   0x00000002   PAD
    0x00031730   0x00031730   0x0000007c   Code   RO          376    i.cpu_24_wakeup     icu.o
    0x000317ac   0x000317ac   0x0000000c   Code   RO          377    i.cpu_delay         icu.o
    0x000317b8   0x000317b8   0x00000024   Code   RO          380    i.cpu_reset         icu.o
    0x000317dc   0x000317dc   0x00000030   Code   RO          667    i.create_timer_task  list_hb.o
    0x0003180c   0x0003180c   0x00000064   Code   RO          383    i.deep_sleep        icu.o
    0x00031870   0x00031870   0x0000001e   Code   RO          735    i.delay             device.o
    0x0003188e   0x0003188e   0x0000002a   Code   RO          500    i.diss_check_val_len  diss.o
    0x000318b8   0x000318b8   0x00000002   Code   RO          501    i.diss_cleanup      diss.o
    0x000318ba   0x000318ba   0x0000003c   Code   RO          502    i.diss_compute_cfg_flag  diss.o
    0x000318f6   0x000318f6   0x00000002   Code   RO          503    i.diss_create       diss.o
    0x000318f8   0x000318f8   0x00000024   Code   RO          504    i.diss_destroy      diss.o
    0x0003191c   0x0003191c   0x0000004e   Code   RO          505    i.diss_handle_to_value  diss.o
    0x0003196a   0x0003196a   0x00000002   PAD
    0x0003196c   0x0003196c   0x00000088   Code   RO          506    i.diss_init         diss.o
    0x000319f4   0x000319f4   0x00000008   Code   RO          507    i.diss_prf_itf_get  diss.o
    0x000319fc   0x000319fc   0x00000098   Code   RO          510    i.diss_set_value_req_handler  diss_task.o
    0x00031a94   0x00031a94   0x00000020   Code   RO          511    i.diss_task_init    diss_task.o
    0x00031ab4   0x00031ab4   0x0000007c   Code   RO          512    i.diss_value_cfm_handler  diss_task.o
    0x00031b30   0x00031b30   0x00000104   Code   RO           44    i.diss_value_req_ind_handler  app_dis.o
    0x00031c34   0x00031c34   0x00000052   Code   RO          508    i.diss_value_to_handle  diss.o
    0x00031c86   0x00031c86   0x00000002   PAD
    0x00031c88   0x00031c88   0x00000054   Code   RO          472    i.dma_isr           dma.o
    0x00031cdc   0x00031cdc   0x0000000a   Code   RO            8    i.enter_dut_fcc_mode  main.o
    0x00031ce6   0x00031ce6   0x00000002   PAD
    0x00031ce8   0x00031ce8   0x00000040   Code   RO            9    i.enter_normal_app_mode  main.o
    0x00031d28   0x00031d28   0x00000012   Code   RO          551    i.fcc0s_cleanup     fcc0s.o
    0x00031d3a   0x00031d3a   0x00000012   Code   RO          552    i.fcc0s_create      fcc0s.o
    0x00031d4c   0x00031d4c   0x0000001c   Code   RO          553    i.fcc0s_destroy     fcc0s.o
    0x00031d68   0x00031d68   0x0000002c   Code   RO           52    i.fcc0s_fcc2_val_ntf_cfg_ind_handler  app_fcc0.o
    0x00031d94   0x00031d94   0x00000068   Code   RO          560    i.fcc0s_fcc2_val_upd_req_handler  fcc0s_task.o
    0x00031dfc   0x00031dfc   0x0000001c   Code   RO          554    i.fcc0s_get_att_handle  fcc0s.o
    0x00031e18   0x00031e18   0x0000001e   Code   RO          555    i.fcc0s_get_att_idx  fcc0s.o
    0x00031e36   0x00031e36   0x0000004c   Code   RO          556    i.fcc0s_indicate_fcc2_val  fcc0s.o
    0x00031e82   0x00031e82   0x00000002   PAD
    0x00031e84   0x00031e84   0x000000d0   Code   RO          557    i.fcc0s_init        fcc0s.o
    0x00031f54   0x00031f54   0x00000008   Code   RO          558    i.fcc0s_prf_itf_get  fcc0s.o
    0x00031f5c   0x00031f5c   0x00000028   Code   RO          561    i.fcc0s_task_init   fcc0s_task.o
    0x00031f84   0x00031f84   0x00000084   Code   RO           53    i.fcc1_writer_cmd_handler  app_fcc0.o
    0x00032008   0x00032008   0x00000038   Code   RO           54    i.fcc2_val_upd_rsp_handler  app_fcc0.o
    0x00032040   0x00032040   0x00000012   Code   RO          515    i.fee0s_cleanup     fee0s.o
    0x00032052   0x00032052   0x00000012   Code   RO          516    i.fee0s_create      fee0s.o
    0x00032064   0x00032064   0x0000001c   Code   RO          517    i.fee0s_destroy     fee0s.o
    0x00032080   0x00032080   0x0000002c   Code   RO           64    i.fee0s_fee4_val_ntf_cfg_ind_handler  app_fee0.o
    0x000320ac   0x000320ac   0x00000046   Code   RO          525    i.fee0s_fee4_val_upd_req_handler  fee0s_task.o
    0x000320f2   0x000320f2   0x00000002   PAD
    0x000320f4   0x000320f4   0x0000002c   Code   RO           65    i.fee0s_fee5_val_ind_cfg_ind_handler  app_fee0.o
    0x00032120   0x00032120   0x00000068   Code   RO          526    i.fee0s_fee5_val_upd_req_handler  fee0s_task.o
    0x00032188   0x00032188   0x0000001c   Code   RO          518    i.fee0s_get_att_handle  fee0s.o
    0x000321a4   0x000321a4   0x00000020   Code   RO          519    i.fee0s_get_att_idx  fee0s.o
    0x000321c4   0x000321c4   0x0000004c   Code   RO          520    i.fee0s_indicate_fee5_val  fee0s.o
    0x00032210   0x00032210   0x00000104   Code   RO          521    i.fee0s_init        fee0s.o
    0x00032314   0x00032314   0x0000004c   Code   RO          522    i.fee0s_notify_fee4_val  fee0s.o
    0x00032360   0x00032360   0x00000008   Code   RO          523    i.fee0s_prf_itf_get  fee0s.o
    0x00032368   0x00032368   0x00000028   Code   RO          527    i.fee0s_task_init   fee0s_task.o
    0x00032390   0x00032390   0x000000a0   Code   RO           66    i.fee2_writer_cmd_handler  app_fee0.o
    0x00032430   0x00032430   0x0000006c   Code   RO           67    i.fee3_writer_req_handler  app_fee0.o
    0x0003249c   0x0003249c   0x00000012   Code   RO           68    i.fee4_val_upd_rsp_handler  app_fee0.o
    0x000324ae   0x000324ae   0x00000002   PAD
    0x000324b0   0x000324b0   0x00000038   Code   RO           69    i.fee5_val_upd_rsp_handler  app_fee0.o
    0x000324e8   0x000324e8   0x00000012   Code   RO          648    i.fff0s_cleanup     fff0s.o
    0x000324fa   0x000324fa   0x00000012   Code   RO          649    i.fff0s_create      fff0s.o
    0x0003250c   0x0003250c   0x0000001c   Code   RO          650    i.fff0s_destroy     fff0s.o
    0x00032528   0x00032528   0x0000002c   Code   RO          203    i.fff0s_fff4_val_ntf_cfg_ind_handler  app_fff0.o
    0x00032554   0x00032554   0x00000046   Code   RO          657    i.fff0s_fff4_val_upd_req_handler  fff0s_task.o
    0x0003259a   0x0003259a   0x0000001c   Code   RO          651    i.fff0s_get_att_handle  fff0s.o
    0x000325b6   0x000325b6   0x0000001e   Code   RO          652    i.fff0s_get_att_idx  fff0s.o
    0x000325d4   0x000325d4   0x000000f0   Code   RO          653    i.fff0s_init        fff0s.o
    0x000326c4   0x000326c4   0x0000004c   Code   RO          654    i.fff0s_notify_fff4_val  fff0s.o
    0x00032710   0x00032710   0x00000008   Code   RO          655    i.fff0s_prf_itf_get  fff0s.o
    0x00032718   0x00032718   0x00000028   Code   RO          658    i.fff0s_task_init   fff0s_task.o
    0x00032740   0x00032740   0x00000010   Code   RO          204    i.fff2_writer_cmd_handler  app_fff0.o
    0x00032750   0x00032750   0x00000012   Code   RO          205    i.fff4_val_upd_rsp_handler  app_fff0.o
    0x00032762   0x00032762   0x00000002   PAD
    0x00032764   0x00032764   0x00000060   Code   RO          736    i.fitshow_BLE_Name  device.o
    0x000327c4   0x000327c4   0x000000b8   Code   RO          737    i.fitshow_Decryption  device.o
    0x0003287c   0x0003287c   0x0000003c   Code   RO          739    i.fitshow_protocol_forBoxSlave  device.o
    0x000328b8   0x000328b8   0x00000404   Code   RO          740    i.fitshow_protocol_forDevice  device.o
    0x00032cbc   0x00032cbc   0x00000008   Code   RO          741    i.fitshow_protocol_forHeartSlave  device.o
    0x00032cc4   0x00032cc4   0x0000002c   Code   RO          310    i.flash_advance_init  flash.o
    0x00032cf0   0x00032cf0   0x00000060   Code   RO          311    i.flash_erase       flash.o
    0x00032d50   0x00032d50   0x00000058   Code   RO          312    i.flash_erase_sector  flash.o
    0x00032da8   0x00032da8   0x00000012   Code   RO          313    i.flash_init        flash.o
    0x00032dba   0x00032dba   0x0000002e   Code   RO          314    i.flash_read        flash.o
    0x00032de8   0x00032de8   0x000000a0   Code   RO          315    i.flash_read_data   flash.o
    0x00032e88   0x00032e88   0x00000038   Code   RO          316    i.flash_read_sr     flash.o
    0x00032ec0   0x00032ec0   0x00000024   Code   RO          317    i.flash_set_dual_mode  flash.o
    0x00032ee4   0x00032ee4   0x00000094   Code   RO          321    i.flash_wp_256k     flash.o
    0x00032f78   0x00032f78   0x00000090   Code   RO          322    i.flash_wp_ALL      flash.o
    0x00033008   0x00033008   0x0000007c   Code   RO          323    i.flash_write       flash.o
    0x00033084   0x00033084   0x00000114   Code   RO          324    i.flash_write_data  flash.o
    0x00033198   0x00033198   0x00000070   Code   RO          326    i.flash_write_sr    flash.o
    0x00033208   0x00033208   0x000000ec   Code   RO          327    i.flash_write_sr_temp  flash.o
    0x000332f4   0x000332f4   0x0000003a   Code   RO          633    i.ftms_ControlPointResponse_0x2AD9_Indicate_req_handler  ftms_task.o
    0x0003332e   0x0003332e   0x00000040   Code   RO          634    i.ftms_CrossTrainerData_0x2ACE_Notify_req_handler  ftms_task.o
    0x0003336e   0x0003336e   0x00000040   Code   RO          635    i.ftms_IndoorBikeData_0x2AD2_Notify_req_handler  ftms_task.o
    0x000333ae   0x000333ae   0x00000040   Code   RO          636    i.ftms_MachineStatus_0x2ADA_Notify_req_handler  ftms_task.o
    0x000333ee   0x000333ee   0x00000040   Code   RO          637    i.ftms_RowerData_0x2AD1_Notify_req_handler  ftms_task.o
    0x0003342e   0x0003342e   0x00000048   Code   RO          623    i.ftms_SendDataByIndicate  ftms.o
    0x00033476   0x00033476   0x00000050   Code   RO          624    i.ftms_SendDataByNotify  ftms.o
    0x000334c6   0x000334c6   0x00000040   Code   RO          638    i.ftms_StairClimberData_0x2AD0_Notify_req_handler  ftms_task.o
    0x00033506   0x00033506   0x00000040   Code   RO          639    i.ftms_StepClimberData_0x2ACF_Notify_req_handler  ftms_task.o
    0x00033546   0x00033546   0x00000040   Code   RO          640    i.ftms_TrainingStatus_0x2AD3_Notify_req_handler  ftms_task.o
    0x00033586   0x00033586   0x00000040   Code   RO          641    i.ftms_TreadmillData_0x2ACD_Notify_req_handler  ftms_task.o
    0x000335c6   0x000335c6   0x00000002   Code   RO          625    i.ftms_cleanup      ftms.o
    0x000335c8   0x000335c8   0x00000008   Code   RO          626    i.ftms_create       ftms.o
    0x000335d0   0x000335d0   0x00000010   Code   RO          627    i.ftms_destroy      ftms.o
    0x000335e0   0x000335e0   0x00000194   Code   RO          628    i.ftms_init         ftms.o
    0x00033774   0x00033774   0x00000008   Code   RO          629    i.ftms_prf_itf_get  ftms.o
    0x0003377c   0x0003377c   0x00000020   Code   RO          642    i.ftms_task_init    ftms_task.o
    0x0003379c   0x0003379c   0x000002f8   Code   RO           96    i.gapc_bond_ind_handler  app_sec.o
    0x00033a94   0x00033a94   0x00000148   Code   RO           97    i.gapc_bond_req_ind_handler  app_sec.o
    0x00033bdc   0x00033bdc   0x000001a4   Code   RO          118    i.gapc_cmp_evt_handler  app_task.o
    0x00033d80   0x00033d80   0x00000110   Code   RO          119    i.gapc_connection_req_ind_handler  app_task.o
    0x00033e90   0x00033e90   0x000000c8   Code   RO          120    i.gapc_disconnect_ind_handler  app_task.o
    0x00033f58   0x00033f58   0x00000044   Code   RO           98    i.gapc_encrypt_ind_handler  app_sec.o
    0x00033f9c   0x00033f9c   0x00000088   Code   RO           99    i.gapc_encrypt_req_ind_handler  app_sec.o
    0x00034024   0x00034024   0x0000006c   Code   RO          121    i.gapc_get_dev_info_req_ind_handler  app_task.o
    0x00034090   0x00034090   0x0000003c   Code   RO          181    i.gapc_mesh_send_gen_dh_key_cmd  mesh_sec.o
    0x000340cc   0x000340cc   0x00000034   Code   RO          122    i.gapc_param_update_req_ind_handler  app_task.o
    0x00034100   0x00034100   0x00000004   Code   RO          123    i.gapc_param_updated_ind_handler  app_task.o
    0x00034104   0x00034104   0x00000024   Code   RO          124    i.gapc_set_dev_info_req_ind_handler  app_task.o
    0x00034128   0x00034128   0x00000048   Code   RO          125    i.gapm_activity_created_ind_handler  app_task.o
    0x00034170   0x00034170   0x00000050   Code   RO          126    i.gapm_activity_stopped_ind_handler  app_task.o
    0x000341c0   0x000341c0   0x000002b4   Code   RO          127    i.gapm_cmp_evt_handler  app_task.o
    0x00034474   0x00034474   0x00000180   Code   RO          128    i.gapm_ext_adv_report_ind_handler  app_task.o
    0x000345f4   0x000345f4   0x0000002c   Code   RO          129    i.gapm_gen_rand_nb_ind_handler  app_task.o
    0x00034620   0x00034620   0x00000040   Code   RO          130    i.gapm_mesh_gen_dh_key_ind_handler  app_task.o
    0x00034660   0x00034660   0x0000007c   Code   RO          131    i.gapm_mesh_pub_key_ind_handler  app_task.o
    0x000346dc   0x000346dc   0x0000000c   Code   RO          132    i.gapm_profile_added_ind_handler  app_task.o
    0x000346e8   0x000346e8   0x00000070   Code   RO          133    i.gapm_scan_request_ind_handler  app_task.o
    0x00034758   0x00034758   0x00000080   Code   RO          528    i.gattc_att_info_req_ind_handler  fee0s_task.o
    0x000347d8   0x000347d8   0x00000054   Code   RO          546    i.gattc_att_info_req_ind_handler  bass_task.o
    0x0003482c   0x0003482c   0x00000078   Code   RO          562    i.gattc_att_info_req_ind_handler  fcc0s_task.o
    0x000348a4   0x000348a4   0x00000080   Code   RO          643    i.gattc_att_info_req_ind_handler  ftms_task.o
    0x00034924   0x00034924   0x00000070   Code   RO          659    i.gattc_att_info_req_ind_handler  fff0s_task.o
    0x00034994   0x00034994   0x000000d0   Code   RO          134    i.gattc_cmp_evt_handler  app_task.o
    0x00034a64   0x00034a64   0x0000007c   Code   RO          529    i.gattc_cmp_evt_handler  fee0s_task.o
    0x00034ae0   0x00034ae0   0x00000028   Code   RO          547    i.gattc_cmp_evt_handler  bass_task.o
    0x00034b08   0x00034b08   0x00000060   Code   RO          563    i.gattc_cmp_evt_handler  fcc0s_task.o
    0x00034b68   0x00034b68   0x0000001c   Code   RO          583    i.gattc_cmp_evt_handler  oads_task.o
    0x00034b84   0x00034b84   0x00000028   Code   RO          591    i.gattc_cmp_evt_handler  sdp_service_task.o
    0x00034bac   0x00034bac   0x0000012c   Code   RO          644    i.gattc_cmp_evt_handler  ftms_task.o
    0x00034cd8   0x00034cd8   0x00000060   Code   RO          660    i.gattc_cmp_evt_handler  fff0s_task.o
    0x00034d38   0x00034d38   0x00000198   Code   RO          592    i.gattc_event_ind_handler  sdp_service_task.o
    0x00034ed0   0x00034ed0   0x0000009c   Code   RO          593    i.gattc_event_req_ind_handler  sdp_service_task.o
    0x00034f6c   0x00034f6c   0x00000050   Code   RO          135    i.gattc_mtu_changed_ind_handler  app_task.o
    0x00034fbc   0x00034fbc   0x0000003c   Code   RO          594    i.gattc_read_ind_handler  sdp_service_task.o
    0x00034ff8   0x00034ff8   0x000000c4   Code   RO          513    i.gattc_read_req_ind_handler  diss_task.o
    0x000350bc   0x000350bc   0x00000154   Code   RO          530    i.gattc_read_req_ind_handler  fee0s_task.o
    0x00035210   0x00035210   0x000000c8   Code   RO          548    i.gattc_read_req_ind_handler  bass_task.o
    0x000352d8   0x000352d8   0x000000fc   Code   RO          564    i.gattc_read_req_ind_handler  fcc0s_task.o
    0x000353d4   0x000353d4   0x0000011c   Code   RO          584    i.gattc_read_req_ind_handler  oads_task.o
    0x000354f0   0x000354f0   0x00000344   Code   RO          645    i.gattc_read_req_ind_handler  ftms_task.o
    0x00035834   0x00035834   0x000000b8   Code   RO          661    i.gattc_read_req_ind_handler  fff0s_task.o
    0x000358ec   0x000358ec   0x0000000e   Code   RO          136    i.gattc_sdp_svc_ind_handler  app_task.o
    0x000358fa   0x000358fa   0x00000002   PAD
    0x000358fc   0x000358fc   0x0000017c   Code   RO          531    i.gattc_write_req_ind_handler  fee0s_task.o
    0x00035a78   0x00035a78   0x000000a8   Code   RO          549    i.gattc_write_req_ind_handler  bass_task.o
    0x00035b20   0x00035b20   0x00000114   Code   RO          565    i.gattc_write_req_ind_handler  fcc0s_task.o
    0x00035c34   0x00035c34   0x00000140   Code   RO          585    i.gattc_write_req_ind_handler  oads_task.o
    0x00035d74   0x00035d74   0x00000174   Code   RO          646    i.gattc_write_req_ind_handler  ftms_task.o
    0x00035ee8   0x00035ee8   0x00000118   Code   RO          662    i.gattc_write_req_ind_handler  fff0s_task.o
    0x00036000   0x00036000   0x00000008   Code   RO          762    i.get_Init_deviceBLE_Information  systemconfig.o
    0x00036008   0x00036008   0x0000002c   Code   RO          328    i.get_flash_ID      flash.o
    0x00036034   0x00036034   0x00000028   Code   RO          689    i.get_nvds_box_addr_CB  match_hb.o
    0x0003605c   0x0003605c   0x00000068   Code   RO          742    i.get_nvds_device_TypeInfo  device.o
    0x000360c4   0x000360c4   0x0000000c   Code   RO           10    i.get_sys_mode      main.o
    0x000360d0   0x000360d0   0x00000018   Code   RO          743    i.gpio_Init_for_FS  device.o
    0x000360e8   0x000360e8   0x00000010   Code   RO          362    i.gpio_cb_register  gpio.o
    0x000360f8   0x000360f8   0x00000058   Code   RO          363    i.gpio_config       gpio.o
    0x00036150   0x00036150   0x0000001c   Code   RO          364    i.gpio_get_input    gpio.o
    0x0003616c   0x0003616c   0x0000002c   Code   RO          365    i.gpio_init         gpio.o
    0x00036198   0x00036198   0x00000010   Code   RO          366    i.gpio_isr          gpio.o
    0x000361a8   0x000361a8   0x00000028   Code   RO          367    i.gpio_set          gpio.o
    0x000361d0   0x000361d0   0x0000005c   Code   RO          368    i.gpio_set_int_mode  gpio.o
    0x0003622c   0x0003622c   0x00000034   Code   RO          416    i.hci_data_init     uart.o
    0x00036260   0x00036260   0x00000020   Code   RO          417    i.host_get_event    uart.o
    0x00036280   0x00036280   0x0000001c   Code   RO          419    i.host_send_cmd     uart.o
    0x0003629c   0x0003629c   0x00000050   Code   RO          386    i.icu_init          icu.o
    0x000362ec   0x000362ec   0x0000000c   Code   RO          387    i.icu_set_sleep_mode  icu.o
    0x000362f8   0x000362f8   0x0000004c   Code   RO          454    i.intc_init         intc.o
    0x00036344   0x00036344   0x00000194   Code   RO          337    i.kmod_calibration  rf_xvr.o
    0x000364d8   0x000364d8   0x00000168   Code   RO          137    i.mach_AD_info      app_task.o
    0x00036640   0x00036640   0x00000008   Ven    RO           11    i.main              main.o
    0x00036648   0x00036648   0x00000150   Code   RO           11    i.main              main.o
    0x00036798   0x00036798   0x00000128   Code   RO          388    i.mcu_clk_switch    icu.o
    0x000368c0   0x000368c0   0x00000038   Code   RO          267    i.nvds_browse_tag   nvds.o
    0x000368f8   0x000368f8   0x00000038   Code   RO          268    i.nvds_del          nvds.o
    0x00036930   0x00036930   0x00000018   Code   RO          269    i.nvds_erase        nvds.o
    0x00036948   0x00036948   0x00000044   Code   RO          270    i.nvds_get          nvds.o
    0x0003698c   0x0003698c   0x00000050   Code   RO          271    i.nvds_init         nvds.o
    0x000369dc   0x000369dc   0x00000024   Code   RO          272    i.nvds_init_memory  nvds.o
    0x00036a00   0x00036a00   0x0000006c   Code   RO          274    i.nvds_purge        nvds.o
    0x00036a6c   0x00036a6c   0x000000e4   Code   RO          275    i.nvds_put          nvds.o
    0x00036b50   0x00036b50   0x0000001c   Code   RO          276    i.nvds_read         nvds.o
    0x00036b6c   0x00036b6c   0x00000040   Code   RO          277    i.nvds_walk_tag     nvds.o
    0x00036bac   0x00036bac   0x0000001c   Code   RO          278    i.nvds_write        nvds.o
    0x00036bc8   0x00036bc8   0x0000004c   Code   RO          567    i.oadImgBlockReq    oads.o
    0x00036c14   0x00036c14   0x00000218   Code   RO          568    i.oadImgBlockWrite  oads.o
    0x00036e2c   0x00036e2c   0x000000e0   Code   RO          569    i.oadImgIdentifyReq  oads.o
    0x00036f0c   0x00036f0c   0x00000294   Code   RO          570    i.oadImgIdentifyWrite  oads.o
    0x000371a0   0x000371a0   0x00000024   Code   RO          571    i.oad_save_reciveData  oads.o
    0x000371c4   0x000371c4   0x00000034   Code   RO          572    i.oad_updating_user_section_begin  oads.o
    0x000371f8   0x000371f8   0x0000001c   Code   RO          573    i.oad_updating_user_section_end  oads.o
    0x00037214   0x00037214   0x00000134   Code   RO          574    i.oad_updating_user_section_pro  oads.o
    0x00037348   0x00037348   0x00000014   Code   RO          575    i.oads_cleanup      oads.o
    0x0003735c   0x0003735c   0x00000014   Code   RO          576    i.oads_create       oads.o
    0x00037370   0x00037370   0x0000001c   Code   RO          577    i.oads_destroy      oads.o
    0x0003738c   0x0003738c   0x00000088   Code   RO          586    i.oads_enable_req_handler  oads_task.o
    0x00037414   0x00037414   0x00000004   Code   RO           82    i.oads_enable_rsp_handler  app_oads.o
    0x00037418   0x00037418   0x0000002c   Code   RO          587    i.oads_ffc1_upd_req_handler  oads_task.o
    0x00037444   0x00037444   0x0000001c   Code   RO           83    i.oads_ffc1_upd_rsp_handler  app_oads.o
    0x00037460   0x00037460   0x0000001c   Code   RO          588    i.oads_ffc2_upd_req_handler  oads_task.o
    0x0003747c   0x0003747c   0x0000001c   Code   RO           84    i.oads_ffc2_upd_rsp_handler  app_oads.o
    0x00037498   0x00037498   0x000000e0   Code   RO          578    i.oads_init         oads.o
    0x00037578   0x00037578   0x00000008   Code   RO          579    i.oads_prf_itf_get  oads.o
    0x00037580   0x00037580   0x00000020   Code   RO          589    i.oads_task_init    oads_task.o
    0x000375a0   0x000375a0   0x00000008   Code   RO          763    i.pGetFitShowSystemConfig  systemconfig.o
    0x000375a8   0x000375a8   0x0000002c   Code   RO           12    i.platform_reset    main.o
    0x000375d4   0x000375d4   0x00000030   Code   RO          341    i.pll_clk_calibration  rf_xvr.o
    0x00037604   0x00037604   0x000000d4   Code   RO          295    i.prf_add_profile   prf.o
    0x000376d8   0x000376d8   0x00000034   Code   RO          296    i.prf_cleanup       prf.o
    0x0003770c   0x0003770c   0x00000030   Code   RO          297    i.prf_create        prf.o
    0x0003773c   0x0003773c   0x00000010   Code   RO          298    i.prf_dst_task_get  prf.o
    0x0003774c   0x0003774c   0x00000030   Code   RO          299    i.prf_env_get       prf.o
    0x0003777c   0x0003777c   0x00000090   Code   RO          300    i.prf_env_get_from_handle  prf.o
    0x0003780c   0x0003780c   0x00000074   Code   RO          301    i.prf_env_get_from_uuid  prf.o
    0x00037880   0x00037880   0x00000058   Code   RO          287    i.prf_gatt_write    prf_utils.o
    0x000378d8   0x000378d8   0x0000001e   Code   RO          288    i.prf_gatt_write_ntf_ind  prf_utils.o
    0x000378f6   0x000378f6   0x00000002   PAD
    0x000378f8   0x000378f8   0x00000038   Code   RO          302    i.prf_get_id_from_task  prf.o
    0x00037930   0x00037930   0x00000038   Code   RO          303    i.prf_get_task_from_id  prf.o
    0x00037968   0x00037968   0x0000008c   Code   RO          304    i.prf_init          prf.o
    0x000379f4   0x000379f4   0x0000005c   Code   RO          305    i.prf_itf_get       prf.o
    0x00037a50   0x00037a50   0x0000001e   Code   RO          289    i.prf_pack_char_pres_fmt  prf_utils.o
    0x00037a6e   0x00037a6e   0x00000002   PAD
    0x00037a70   0x00037a70   0x00000034   Code   RO          291    i.prf_read_char_send  prf_utils.o
    0x00037aa4   0x00037aa4   0x00000038   Code   RO          292    i.prf_register_atthdl2gatt  prf_utils.o
    0x00037adc   0x00037adc   0x00000038   Code   RO          306    i.prf_reset         prf.o
    0x00037b14   0x00037b14   0x00000010   Code   RO          307    i.prf_src_task_get  prf.o
    0x00037b24   0x00037b24   0x0000006c   Code   RO          764    i.prvucFitShowDataSerialization  systemconfig.o
    0x00037b90   0x00037b90   0x00000068   Code   RO          765    i.prvvDeviceFitShowCodeSave  systemconfig.o
    0x00037bf8   0x00037bf8   0x0000007c   Code   RO          766    i.prvvFitShowConfig_Read  systemconfig.o
    0x00037c74   0x00037c74   0x0000049a   Code   RO          767    i.prvvFitShowSetting  systemconfig.o
    0x0003810e   0x0003810e   0x00000002   Code   RO          768    i.prvvSystemConfigInit  systemconfig.o
    0x00038110   0x00038110   0x00000058   Code   RO          744    i.prvvTimerCallBack  device.o
    0x00038168   0x00038168   0x00000040   Code   RO          745    i.prvvTimer_X100ms  device.o
    0x000381a8   0x000381a8   0x00000170   Code   RO          475    i.pwm0_init         pwm.o
    0x00038318   0x00038318   0x0000003c   Code   RO          476    i.pwm0_isr          pwm.o
    0x00038354   0x00038354   0x0000003c   Code   RO          479    i.pwm1_isr          pwm.o
    0x00038390   0x00038390   0x00000068   Code   RO          746    i.receive_uart_data  device.o
    0x000383f8   0x000383f8   0x00000008   Code   RO          747    i.reset_mcu         device.o
    0x00038400   0x00038400   0x00000024   Code   RO          343    i.rf_force_agc_enable  rf_xvr.o
    0x00038424   0x00038424   0x0000014c   Code   RO          344    i.rf_init           rf_xvr.o
    0x00038570   0x00038570   0x00000002   Code   RO          345    i.rf_reset          rf_xvr.o
    0x00038572   0x00038572   0x00000004   Code   RO          346    i.rf_rpl_reg_rd     rf_xvr.o
    0x00038576   0x00038576   0x00000004   Code   RO          347    i.rf_rpl_reg_wr     rf_xvr.o
    0x0003857a   0x0003857a   0x0000000a   Code   RO          348    i.rf_rssi_convert   rf_xvr.o
    0x00038584   0x00038584   0x0000000e   Code   RO          349    i.rf_sleep          rf_xvr.o
    0x00038592   0x00038592   0x00000002   PAD
    0x00038594   0x00038594   0x00000034   Code   RO          350    i.rf_txpwr_cs_get   rf_xvr.o
    0x000385c8   0x000385c8   0x00000004   Code   RO          351    i.rf_txpwr_dbm_get  rf_xvr.o
    0x000385cc   0x000385cc   0x00000064   Code   RO           13    i.rom_env_init      main.o
    0x00038630   0x00038630   0x00000048   Code   RO          244    i.rwble_init        rwble.o
    0x00038678   0x00038678   0x00000058   Code   RO          245    i.rwble_isr         rwble.o
    0x000386d0   0x000386d0   0x00000014   Code   RO          247    i.rwble_sleep_wakeup_end  rwble.o
    0x000386e4   0x000386e4   0x00000020   Code   RO          250    i.rwip_crypt_evt_handler  rwip.o
    0x00038704   0x00038704   0x0000001c   Code   RO          251    i.rwip_crypt_isr_handler  rwip.o
    0x00038720   0x00038720   0x00000174   Code   RO          252    i.rwip_driver_init  rwip.o
    0x00038894   0x00038894   0x00000010   Code   RO           14    i.rwip_eif_get      main.o
    0x000388a4   0x000388a4   0x00000194   Code   RO          253    i.rwip_init         rwip.o
    0x00038a38   0x00038a38   0x00000080   Code   RO          254    i.rwip_isr          rwip.o
    0x00038ab8   0x00038ab8   0x00000070   Code   RO          255    i.rwip_reset        rwip.o
    0x00038b28   0x00038b28   0x00000014   Code   RO          256    i.rwip_schedule     rwip.o
    0x00038b3c   0x00038b3c   0x00000024   Code   RO          259    i.rwip_timer_10ms_handler  rwip.o
    0x00038b60   0x00038b60   0x00000020   Code   RO          260    i.rwip_timer_hs_handler  rwip.o
    0x00038b80   0x00038b80   0x00000020   Code   RO          261    i.rwip_timer_hus_handler  rwip.o
    0x00038ba0   0x00038ba0   0x00000014   Code   RO          262    i.rwip_us_2_lpcycles  rwip.o
    0x00038bb4   0x00038bb4   0x0000007c   Code   RO          263    i.rwip_wakeup       rwip.o
    0x00038c30   0x00038c30   0x00000068   Code   RO          264    i.rwip_wakeup_end   rwip.o
    0x00038c98   0x00038c98   0x00000060   Code   RO          604    i.sdp_add_profiles  sdp_service.o
    0x00038cf8   0x00038cf8   0x000000b0   Code   RO          605    i.sdp_cleanup       sdp_service.o
    0x00038da8   0x00038da8   0x00000010   Code   RO          606    i.sdp_create        sdp_service.o
    0x00038db8   0x00038db8   0x00000060   Code   RO          595    i.sdp_default_msg_handler  sdp_service_task.o
    0x00038e18   0x00038e18   0x00000094   Code   RO          607    i.sdp_destroy       sdp_service.o
    0x00038eac   0x00038eac   0x00000064   Code   RO          608    i.sdp_discover_all_service  sdp_service.o
    0x00038f10   0x00038f10   0x000000dc   Code   RO          609    i.sdp_enable_all_server_ntf_ind  sdp_service.o
    0x00038fec   0x00038fec   0x00000004   Code   RO          596    i.sdp_enable_req_handler  sdp_service_task.o
    0x00038ff0   0x00038ff0   0x000004a4   Code   RO          611    i.sdp_extract_svc_info  sdp_service.o
    0x00039494   0x00039494   0x00000098   Code   RO          612    i.sdp_init          sdp_service.o
    0x0003952c   0x0003952c   0x00000008   Code   RO          613    i.sdp_prf_itf_get   sdp_service.o
    0x00039534   0x00039534   0x00000090   Code   RO          614    i.sdp_prf_register_all_atthdl2gatt  sdp_service.o
    0x000395c4   0x000395c4   0x000001fc   Code   RO          597    i.sdp_read_info_req_handler  sdp_service_task.o
    0x000397c0   0x000397c0   0x00000024   Code   RO          615    i.sdp_service_free_env_find  sdp_service.o
    0x000397e4   0x000397e4   0x00000054   Code   RO          616    i.sdp_service_init  sdp_service.o
    0x00039838   0x00039838   0x000000d0   Code   RO          617    i.sdp_service_status_reset  sdp_service.o
    0x00039908   0x00039908   0x00000020   Code   RO          598    i.sdp_task_init     sdp_service_task.o
    0x00039928   0x00039928   0x00000108   Code   RO          599    i.sdp_write_ntf_cfg_req_handler  sdp_service_task.o
    0x00039a30   0x00039a30   0x000000d4   Code   RO          618    i.sdp_write_service_ntf_cfg_req  sdp_service.o
    0x00039b04   0x00039b04   0x000000c8   Code   RO          600    i.sdp_write_value_info_req_handler  sdp_service_task.o
    0x00039bcc   0x00039bcc   0x00000054   Code   RO          750    i.send_fomat_uart0  device.o
    0x00039c20   0x00039c20   0x00000030   Code   RO          329    i.set_flash_clk     flash.o
    0x00039c50   0x00039c50   0x0000002a   Code   RO          751    i.sleep_ctrl        device.o
    0x00039c7a   0x00039c7a   0x00000002   PAD
    0x00039c7c   0x00039c7c   0x00000134   Code   RO           15    i.stack_integrity_check  main.o
    0x00039db0   0x00039db0   0x00000028   Code   RO          676    i.start_timer       list_hb.o
    0x00039dd8   0x00039dd8   0x0000002e   Code   RO          792    i.sum_cal           pulse_frame.o
    0x00039e06   0x00039e06   0x00000002   PAD
    0x00039e08   0x00039e08   0x000000bc   Code   RO          491    i.timer0_init       timer0.o
    0x00039ec4   0x00039ec4   0x0000005c   Code   RO          492    i.timer0_isr        timer0.o
    0x00039f20   0x00039f20   0x00000040   Code   RO          680    i.timer_tick        list_hb.o
    0x00039f60   0x00039f60   0x00000038   Code   RO          421    i.uart1_dma_isr_callback  uart.o
    0x00039f98   0x00039f98   0x00000068   Code   RO          406    i.uart2_init        uart2.o
    0x0003a000   0x0003a000   0x00000050   Code   RO          407    i.uart2_isr         uart2.o
    0x0003a050   0x0003a050   0x00000004   Code   RO          408    i.uart2_printf      uart2.o
    0x0003a054   0x0003a054   0x00000058   Code   RO          410    i.uart2_rx_cmd_handler  uart2.o
    0x0003a0ac   0x0003a0ac   0x00000068   Code   RO          412    i.uart2_rx_handler  uart2.o
    0x0003a114   0x0003a114   0x00000004   Code   RO          424    i.uart_flow_off     uart.o
    0x0003a118   0x0003a118   0x00000002   Code   RO          425    i.uart_flow_on      uart.o
    0x0003a11a   0x0003a11a   0x00000002   PAD
    0x0003a11c   0x0003a11c   0x000000bc   Code   RO          426    i.uart_h4tl_data_switch  uart.o
    0x0003a1d8   0x0003a1d8   0x0000009c   Code   RO          427    i.uart_init         uart.o
    0x0003a274   0x0003a274   0x00000238   Code   RO          428    i.uart_isr          uart.o
    0x0003a4ac   0x0003a4ac   0x00000028   Code   RO          429    i.uart_printf_dut   uart.o
    0x0003a4d4   0x0003a4d4   0x0000001c   Code   RO          431    i.uart_read         uart.o
    0x0003a4f0   0x0003a4f0   0x00000058   Code   RO          432    i.uart_rx_cmd_handler  uart.o
    0x0003a548   0x0003a548   0x00000068   Code   RO          434    i.uart_rx_handler   uart.o
    0x0003a5b0   0x0003a5b0   0x0000001e   Code   RO          435    i.uart_send         uart.o
    0x0003a5ce   0x0003a5ce   0x00000002   PAD
    0x0003a5d0   0x0003a5d0   0x00000010   Code   RO          436    i.uart_send_byte    uart.o
    0x0003a5e0   0x0003a5e0   0x0000001c   Code   RO          437    i.uart_write        uart.o
    0x0003a5fc   0x0003a5fc   0x0000006e   Code   RO          630    i.ucGetFTMS_Handle  ftms.o
    0x0003a66a   0x0003a66a   0x0000006e   Code   RO          631    i.ucGetFTMS_Index   ftms.o
    0x0003a6d8   0x0003a6d8   0x00000020   Code   RO          752    i.usGetDeviceFactory  device.o
    0x0003a6f8   0x0003a6f8   0x0000001c   Code   RO          753    i.usGetDeviceModel  device.o
    0x0003a714   0x0003a714   0x0000001c   Code   RO          754    i.usGetDeviceType   device.o
    0x0003a730   0x0003a730   0x0000001e   Code   RO          769    i.usSumUp           systemconfig.o
    0x0003a74e   0x0003a74e   0x00000002   PAD
    0x0003a750   0x0003a750   0x0000006c   Code   RO          393    i.vFitShowDeepSleepWakeupSet  icu.o
    0x0003a7bc   0x0003a7bc   0x00000014   Code   RO          395    i.wdt_disable       wdt.o
    0x0003a7d0   0x0003a7d0   0x00000018   Code   RO          396    i.wdt_enable        wdt.o
    0x0003a7e8   0x0003a7e8   0x00000010   Code   RO          397    i.wdt_feed          wdt.o
    0x0003a7f8   0x0003a7f8   0x0000002c   Code   RO          438    i.xHexToStr         uart.o
    0x0003a824   0x0003a824   0x00000024   Code   RO          354    i.xtal_cal_set      rf_xvr.o
    0x0003a848   0x0003a848   0x00000284   Code   RO          355    i.xvr_reg_initial   rf_xvr.o
    0x0003aacc   0x0003aacc   0x00000010   Data   RO           17    .constdata          main.o
    0x0003aadc   0x0003aadc   0x00000039   Data   RO           30    .constdata          app.o
    0x0003ab15   0x0003ab15   0x00000003   PAD
    0x0003ab18   0x0003ab18   0x00000020   Data   RO           39    .constdata          app_batt.o
    0x0003ab38   0x0003ab38   0x00000008   Data   RO           40    .constdata          app_batt.o
    0x0003ab40   0x0003ab40   0x00000008   Data   RO           45    .constdata          app_dis.o
    0x0003ab48   0x0003ab48   0x00000008   Data   RO           46    .constdata          app_dis.o
    0x0003ab50   0x0003ab50   0x00000020   Data   RO           55    .constdata          app_fcc0.o
    0x0003ab70   0x0003ab70   0x00000008   Data   RO           56    .constdata          app_fcc0.o
    0x0003ab78   0x0003ab78   0x00000033   Data   RO           57    .constdata          app_fcc0.o
    0x0003abab   0x0003abab   0x00000001   PAD
    0x0003abac   0x0003abac   0x00000038   Data   RO           70    .constdata          app_fee0.o
    0x0003abe4   0x0003abe4   0x00000008   Data   RO           71    .constdata          app_fee0.o
    0x0003abec   0x0003abec   0x00000033   Data   RO           72    .constdata          app_fee0.o
    0x0003ac1f   0x0003ac1f   0x00000001   PAD
    0x0003ac20   0x0003ac20   0x00000030   Data   RO           85    .constdata          app_oads.o
    0x0003ac50   0x0003ac50   0x00000008   Data   RO           86    .constdata          app_oads.o
    0x0003ac58   0x0003ac58   0x000000a8   Data   RO           87    .constdata          app_oads.o
    0x0003ad00   0x0003ad00   0x00000074   Data   RO          101    .constdata          app_sec.o
    0x0003ad74   0x0003ad74   0x00000028   Data   RO          102    .constdata          app_sec.o
    0x0003ad9c   0x0003ad9c   0x00000008   Data   RO          103    .constdata          app_sec.o
    0x0003ada4   0x0003ada4   0x000000f8   Data   RO          139    .constdata          app_task.o
    0x0003ae9c   0x0003ae9c   0x0000000c   Data   RO          140    .constdata          app_task.o
    0x0003aea8   0x0003aea8   0x000000bd   Data   RO          141    .constdata          app_task.o
    0x0003af65   0x0003af65   0x00000027   Data   RO          157    .constdata          app_adv.o
    0x0003af8c   0x0003af8c   0x00000014   Data   RO          164    .constdata          app_scan.o
    0x0003afa0   0x0003afa0   0x000000f9   Data   RO          179    .constdata          app_init.o
    0x0003b099   0x0003b099   0x00000003   PAD
    0x0003b09c   0x0003b09c   0x00000020   Data   RO          206    .constdata          app_fff0.o
    0x0003b0bc   0x0003b0bc   0x00000008   Data   RO          207    .constdata          app_fff0.o
    0x0003b0c4   0x0003b0c4   0x0000001a   Data   RO          208    .constdata          app_fff0.o
    0x0003b0de   0x0003b0de   0x00000002   PAD
    0x0003b0e0   0x0003b0e0   0x00000058   Data   RO          241    .constdata          app_ftms.o
    0x0003b138   0x0003b138   0x00000008   Data   RO          242    .constdata          app_ftms.o
    0x0003b140   0x0003b140   0x0000000a   Data   RO          248    .constdata          rwble.o
    0x0003b14a   0x0003b14a   0x00000004   Data   RO          280    .constdata          nvds.o
    0x0003b14e   0x0003b14e   0x00000002   PAD
    0x0003b150   0x0003b150   0x00000004   Data   RO          331    .constdata          flash.o
    0x0003b154   0x0003b154   0x00000023   Data   RO          359    .constdata          rf_xvr.o
    0x0003b177   0x0003b177   0x00000047   Data   RO          444    .constdata          uart.o
    0x0003b1be   0x0003b1be   0x00000002   PAD
    0x0003b1c0   0x0003b1c0   0x000000d8   Data   RO          509    .constdata          diss.o
    0x0003b298   0x0003b298   0x00000018   Data   RO          514    .constdata          diss_task.o
    0x0003b2b0   0x0003b2b0   0x00000080   Data   RO          524    .constdata          fee0s.o
    0x0003b330   0x0003b330   0x000000bb   Data   RO          532    .constdata          fee0s_task.o
    0x0003b3eb   0x0003b3eb   0x00000001   PAD
    0x0003b3ec   0x0003b3ec   0x00000038   Data   RO          542    .constdata          bass.o
    0x0003b424   0x0003b424   0x00000046   Data   RO          550    .constdata          bass_task.o
    0x0003b46a   0x0003b46a   0x00000002   PAD
    0x0003b46c   0x0003b46c   0x000000a4   Data   RO          559    .constdata          fcc0s.o
    0x0003b510   0x0003b510   0x000000b3   Data   RO          566    .constdata          fcc0s_task.o
    0x0003b5c3   0x0003b5c3   0x00000001   PAD
    0x0003b5c4   0x0003b5c4   0x0000009e   Data   RO          581    .constdata          oads.o
    0x0003b662   0x0003b662   0x00000002   PAD
    0x0003b664   0x0003b664   0x00000078   Data   RO          590    .constdata          oads_task.o
    0x0003b6dc   0x0003b6dc   0x0000007e   Data   RO          602    .constdata          sdp_service_task.o
    0x0003b75a   0x0003b75a   0x00000002   PAD
    0x0003b75c   0x0003b75c   0x0000007b   Data   RO          620    .constdata          sdp_service.o
    0x0003b7d7   0x0003b7d7   0x00000001   PAD
    0x0003b7d8   0x0003b7d8   0x0000015a   Data   RO          632    .constdata          ftms.o
    0x0003b932   0x0003b932   0x00000002   PAD
    0x0003b934   0x0003b934   0x00000083   Data   RO          647    .constdata          ftms_task.o
    0x0003b9b7   0x0003b9b7   0x00000001   PAD
    0x0003b9b8   0x0003b9b8   0x00000040   Data   RO          656    .constdata          fff0s.o
    0x0003b9f8   0x0003b9f8   0x00000094   Data   RO          663    .constdata          fff0s_task.o
    0x0003ba8c   0x0003ba8c   0x0000001c   Data   RO          756    .constdata          device.o
    0x0003baa8   0x0003baa8   0x000000ca   Data   RO          104    .conststring        app_sec.o
    0x0003bb72   0x0003bb72   0x00000002   PAD
    0x0003bb74   0x0003bb74   0x0000004d   Data   RO          621    .conststring        sdp_service.o
    0x0003bbc1   0x0003bbc1   0x00000003   PAD
    0x0003bbc4   0x0003bbc4   0x00000020   Data   RO          871    Region$$Table       anon$$obj.o


    Execution Region RAM_DATA (Exec base: 0x00400e00, Load base: 0x0003bbe4, Size: 0x000002c0, Max: 0xffffffff, ABSOLUTE)

    Exec Addr    Load Addr    Size         Type   Attr      Idx    E Section Name        Object

    0x00400e00   0x0003bbe4   0x00000002   Data   RW           18    .data               main.o
    0x00400e02   0x0003bbe6   0x00000002   Data   RW           41    .data               app_batt.o
    0x00400e04   0x0003bbe8   0x00000001   Data   RW           88    .data               app_oads.o
    0x00400e05   0x0003bbe9   0x00000001   PAD
    0x00400e06   0x0003bbea   0x0000001a   Data   RW          142    .data               app_task.o
    0x00400e20   0x0003bc04   0x00000007   Data   RW          145    .data               app_task.o
    0x00400e27   0x0003bc0b   0x00000007   Data   RW          180    .data               app_init.o
    0x00400e2e   0x0003bc12   0x00000003   Data   RW          209    .data               app_fff0.o
    0x00400e31   0x0003bc15   0x00000003   PAD
    0x00400e34   0x0003bc18   0x0000002c   Data   RW          243    .data               app_ftms.o
    0x00400e60   0x0003bc44   0x00000004   Data   RW          249    .data               rwble.o
    0x00400e64   0x0003bc48   0x00000001   Data   RW          266    .data               rwip.o
    0x00400e65   0x0003bc49   0x00000003   PAD
    0x00400e68   0x0003bc4c   0x0000000c   Data   RW          332    .data               flash.o
    0x00400e74   0x0003bc58   0x00000008   Data   RW          360    .data               rf_xvr.o
    0x00400e7c   0x0003bc60   0x00000004   Data   RW          373    .data               gpio.o
    0x00400e80   0x0003bc64   0x00000003   Data   RW          394    .data               icu.o
    0x00400e83   0x0003bc67   0x00000001   PAD
    0x00400e84   0x0003bc68   0x00000008   Data   RW          404    .data               adc.o
    0x00400e8c   0x0003bc70   0x0000000c   Data   RW          415    .data               uart2.o
    0x00400e98   0x0003bc7c   0x00000056   Data   RW          445    .data               uart.o
    0x00400eee   0x0003bcd2   0x00000002   PAD
    0x00400ef0   0x0003bcd4   0x00000004   Data   RW          451    .data               aon_rtc.o
    0x00400ef4   0x0003bcd8   0x00000018   Data   RW          499    .data               timer0.o
    0x00400f0c   0x0003bcf0   0x00000010   Data   RW          582    .data               oads.o
    0x00400f1c   0x0003bd00   0x00000010   Data   RW          622    .data               sdp_service.o
    0x00400f2c   0x0003bd10   0x00000016   Data   RW          690    .data               match_hb.o
    0x00400f42   0x0003bd26   0x00000001   Data   RW          693    .data               match_hb.o
    0x00400f43   0x0003bd27   0x00000001   Data   RW          694    .data               match_hb.o
    0x00400f44   0x0003bd28   0x0000004a   Data   RW          757    .data               device.o
    0x00400f8e   0x0003bd72   0x00000001   Data   RW          759    .data               device.o
    0x00400f8f   0x0003bd73   0x00000001   PAD
    0x00400f90   0x0003bd74   0x000000e0   Data   RW          772    .data               systemconfig.o
    0x00401070   0x0003be54   0x0000003c   Data   RW          773    .data               systemconfig.o
    0x004010ac   0x0003be90   0x00000014   Data   RW          809    .data               timer_task_frame.o


    Execution Region RAM_BSS (Exec base: 0x004010c0, Load base: 0x0003bea4, Size: 0x00008b00, Max: 0xffffffff, ABSOLUTE)

    Exec Addr    Load Addr    Size         Type   Attr      Idx    E Section Name        Object

    0x004010c0        -       0x0000003a   Zero   RW           29    .bss                app.o
    0x004010fa        -       0x0000002c   Zero   RW          100    .bss                app_sec.o
    0x00401126        -       0x00000064   Zero   RW          138    .bss                app_task.o
    0x0040118a        -       0x0000000f   Zero   RW          240    .bss                app_ftms.o
    0x00401199   0x0003bea4   0x00000003   PAD
    0x0040119c        -       0x00007260   Zero   RW          265    .bss                rwip.o
    0x004083fc        -       0x00000018   Zero   RW          279    .bss                nvds.o
    0x00408414        -       0x000003c0   Zero   RW          308    .bss                prf.o
    0x004087d4        -       0x00000080   Zero   RW          358    .bss                rf_xvr.o
    0x00408854        -       0x0000000c   Zero   RW          374    .bss                spi.o
    0x00408860        -       0x00000120   Zero   RW          414    .bss                uart2.o
    0x00408980        -       0x0000016c   Zero   RW          439    .bss                uart.o
    0x00408aec        -       0x00000018   Zero   RW          484    .bss                pwm.o
    0x00408b04        -       0x0000002c   Zero   RW          497    .bss                timer0.o
    0x00408b30        -       0x000007f0   Zero   RW          580    .bss                oads.o
    0x00409320        -       0x0000007f   Zero   RW          601    .bss                sdp_service_task.o
    0x0040939f   0x0003bea4   0x00000001   PAD
    0x004093a0        -       0x000006f8   Zero   RW          619    .bss                sdp_service.o
    0x00409a98        -       0x000000ac   Zero   RW          755    .bss                device.o
    0x00409b44        -       0x0000001c   Zero   RW          770    .bss                systemconfig.o
    0x00409b60        -       0x00000060   Zero   RW          793    .bss                pulse_frame.o


    Execution Region RAM_STACK_UNUSED (Exec base: 0x0040f1cc, Load base: 0x0003bea4, Size: 0x00000060, Max: 0x00000060, ABSOLUTE)

    Exec Addr    Load Addr    Size         Type   Attr      Idx    E Section Name        Object

    0x0040f1cc        -       0x00000060   Zero   RW            1    RAM_STACK_UNUSED.bss  anon$$obj.o


    Execution Region RAM_STACK_SVC (Exec base: 0x0040f22c, Load base: 0x0003bea4, Size: 0x000006f0, Max: 0x000006f0, ABSOLUTE)

    Exec Addr    Load Addr    Size         Type   Attr      Idx    E Section Name        Object

    0x0040f22c        -       0x000006f0   Zero   RW            2    RAM_STACK_SVC.bss   anon$$obj.o


    Execution Region RAM_STACK_IRQ (Exec base: 0x0040f91c, Load base: 0x0003bea4, Size: 0x000003f0, Max: 0x000003f0, ABSOLUTE)

    Exec Addr    Load Addr    Size         Type   Attr      Idx    E Section Name        Object

    0x0040f91c        -       0x000003f0   Zero   RW            3    RAM_STACK_IRQ.bss   anon$$obj.o


    Execution Region RAM_STACK_FIQ (Exec base: 0x0040fd0c, Load base: 0x0003bea4, Size: 0x000002f0, Max: 0x000002f0, ABSOLUTE)

    Exec Addr    Load Addr    Size         Type   Attr      Idx    E Section Name        Object

    0x0040fd0c        -       0x000002f0   Zero   RW            4    RAM_STACK_FIQ.bss   anon$$obj.o


    Execution Region RAM_BSS_1 (Exec base: 0x00812900, Load base: 0x0003bea4, Size: 0x00000000, Max: 0xffffffff, ABSOLUTE)

    **** No section assigned to this execution region ****


==============================================================================

Image component sizes


      Code (inc. data)   RO Data    RW Data    ZI Data      Debug   Object Name

       672         68          0          8          0          0   adc.o
       100         20          0          4          0          0   aon_rtc.o
       428         96         57          0         58          0   app.o
      1406        210         39          0          0          0   app_adv.o
       168         18         40          2          0          0   app_batt.o
       314         68         16          0          0          0   app_dis.o
       400        124         91          0          0          0   app_fcc0.o
       722        240        115          0          0          0   app_fee0.o
       278         72         66          3          0          0   app_fff0.o
      3218        394         96         44         15          0   app_ftms.o
       292         76        249          7          0          0   app_init.o
       352        178        224          1          0          0   app_oads.o
       200         50         20          0          0          0   app_scan.o
      1784        646        366          0         44          0   app_sec.o
      4014        796        449         33        100          0   app_task.o
       958         20         56          0          0          0   bass.o
       760         56         70          0          0          0   bass_task.o
       500         76          0          0          0          0   boot_handlers.o
        92         32          0          0          0          0   boot_vectors.o
      1730         26          0          0          0          0   dataserialization.o
      3978        386         28         75        172          0   device.o
       446         14        216          0          0          0   diss.o
       504         22         24          0          0          0   diss_task.o
        84         26          0          0          0          0   dma.o
       414         12        164          0          0          0   fcc0s.o
       888        148        179          0          0          0   fcc0s_task.o
       544         26        128          0          0          0   fee0s.o
      1186        200        187          0          0          0   fee0s_task.o
       446         24         64          0          0          0   fff0s.o
       782        142        148          0          0          0   fff0s_task.o
      1776        274          4         12          0          0   flash.o
       810         84        346          0          0          0   ftms.o
      2238        210        131          0          0          0   ftms_task.o
       326         32          0          4          0          0   gpio.o
       768        104          0          3          0          0   icu.o
       296         16          0          0          0          0   intc.o
       152         16          0          0          0          0   list_hb.o
       970        418         16          2          0          0   main.o
       596         96          0         24          0          0   match_hb.o
        60          4          0          0          0          0   mesh_sec.o
       776         84          4          0         24          0   nvds.o
      2220        590        158         16       2032          0   oads.o
       872        194        120          0          0          0   oads_task.o
      1052        114          0          0        960          0   prf.o
       256         16          0          0          0          0   prf_utils.o
      1176        116          0          0         96          0   pulse_frame.o
       488         32          0          0         24          0   pwm.o
      1734        408         35          8        128          0   rf_xvr.o
       180         58         10          4          0          0   rwble.o
      1444        262          0          1      29280          0   rwip.o
      2808        878        200         16       1784          0   sdp_service.o
      1768        584        126          0        127          0   sdp_service_task.o
         0          0          0          0         12          0   spi.o
      1870        270          0        284         28          0   systemconfig.o
       280         28          0         24         44          0   timer0.o
       316         52          0         20          0          0   timer_task_frame.o
      1464        208         71         86        364          0   uart.o
       380         60          0         12        288          0   uart2.o
        60         14          0          0          0          0   wdt.o

    ----------------------------------------------------------------------
     54912       9508       4376        704      39216          0   Object Totals
        48         20         32          0       3632          0   (incl. Generated)
        68          0         31         11          4          0   (incl. Padding)

    ----------------------------------------------------------------------

      Code (inc. data)   RO Data    RW Data    ZI Data      Debug   Library Member Name

         0          0          0          0          0          0   entry.o
         0          0          0          0          0          0   entry10a.o
         0          0          0          0          0          0   entry11a.o
         8          4          0          0          0          0   entry2.o
         4          0          0          0          0          0   entry5.o
         0          0          0          0          0          0   entry7b.o
         0          0          0          0          0          0   entry8b.o
        12          4          0          0          0          0   entry9a.o
        56          0          0          0          0          0   handlers.o
        32         10          0          0          0          0   init.o
         0          0          0          0          0          0   iusefp.o
        32          0          0          0          0          0   llshl.o
        38          0          0          0          0          0   llsshr.o
        34          0          0          0          0          0   llushr.o
      2274         94          0          0          0          0   printfa.o
        18          0          0          0          0          0   strcpy.o
        14          0          0          0          0          0   strlen.o
        26          0          0          0          0          0   strncpy.o
        40          0          0          0          0          0   strstr.o
        96          0          0          0          0          0   uldiv.o
        40          2          0          0          0          0   cdrcmple.o
       356          4          0          0          0          0   dadd.o
       240          6          0          0          0          0   ddiv.o
       190          0          0          0          0          0   depilogue.o
        60         10          0          0          0          0   dfixui.o
        64         10          0          0          0          0   dfixul.o
        28          4          0          0          0          0   dfltui.o
       208          6          0          0          0          0   dmul.o
        40          0          0          0          0          0   f2d.o
       104          0          0          0          0          0   fepilogue.o
        14          0          0          0          0          0   ffltui.o

    ----------------------------------------------------------------------
      4036        154          0          0          0          0   Library Totals
         8          0          0          0          0          0   (incl. Padding)

    ----------------------------------------------------------------------

      Code (inc. data)   RO Data    RW Data    ZI Data      Debug   Library Name

      2684        112          0          0          0          0   mc_5.l
      1344         42          0          0          0          0   mf_5.l

    ----------------------------------------------------------------------
      4036        154          0          0          0          0   Library Totals

    ----------------------------------------------------------------------

==============================================================================


      Code (inc. data)   RO Data    RW Data    ZI Data      Debug   

     58948       9662       4376        704      39216          0   Grand Totals
     58948       9662       4376        704      39216          0   ELF Image Totals
     58948       9662       4376        704          0          0   ROM Totals

==============================================================================

    Total RO  Size (Code + RO Data)                63324 (  61.84kB)
    Total RW  Size (RW Data + ZI Data)             39920 (  38.98kB)
    Total ROM Size (Code + RO Data + RW Data)      64028 (  62.53kB)

==============================================================================

